
semboot_debug1284_w5100.elf:     file format elf32-avr

Sections:
Idx Name          Size      VMA       LMA       File off  Algn
  0 .data         00000020  00800100  0001fb52  00000be6  2**0
                  CONTENTS, ALLOC, LOAD, DATA
  1 .text         00000b52  0001f000  0001f000  00000094  2**1
                  CONTENTS, ALLOC, LOAD, READONLY, CODE
  2 .bss          0000000c  00800120  00800120  00000c06  2**0
                  ALLOC
  3 .stab         000008d0  00000000  00000000  00000c08  2**2
                  CONTENTS, READONLY, DEBUGGING
  4 .stabstr      00000199  00000000  00000000  000014d8  2**0
                  CONTENTS, READONLY, DEBUGGING
  5 .debug_aranges 000001c0  00000000  00000000  00001678  2**3
                  CONTENTS, READONLY, DEBUGGING
  6 .debug_info   00001789  00000000  00000000  00001838  2**0
                  CONTENTS, READONLY, DEBUGGING
  7 .debug_abbrev 00000a4c  00000000  00000000  00002fc1  2**0
                  CONTENTS, READONLY, DEBUGGING
  8 .debug_line   00000d60  00000000  00000000  00003a0d  2**0
                  CONTENTS, READONLY, DEBUGGING
  9 .debug_frame  000004e8  00000000  00000000  00004770  2**2
                  CONTENTS, READONLY, DEBUGGING
 10 .debug_str    000005eb  00000000  00000000  00004c58  2**0
                  CONTENTS, READONLY, DEBUGGING
 11 .debug_loc    0000181b  00000000  00000000  00005243  2**0
                  CONTENTS, READONLY, DEBUGGING
 12 .debug_ranges 00000070  00000000  00000000  00006a5e  2**0
                  CONTENTS, READONLY, DEBUGGING

Disassembly of section .text:

0001f000 <__vectors>:
   1f000:	86 c0       	rjmp	.+268    	; 0x1f10e <__ctors_end>
   1f002:	00 00       	nop
   1f004:	18 c1       	rjmp	.+560    	; 0x1f236 <__bad_interrupt>
   1f006:	00 00       	nop
   1f008:	16 c1       	rjmp	.+556    	; 0x1f236 <__bad_interrupt>
   1f00a:	00 00       	nop
   1f00c:	14 c1       	rjmp	.+552    	; 0x1f236 <__bad_interrupt>
   1f00e:	00 00       	nop
   1f010:	12 c1       	rjmp	.+548    	; 0x1f236 <__bad_interrupt>
   1f012:	00 00       	nop
   1f014:	10 c1       	rjmp	.+544    	; 0x1f236 <__bad_interrupt>
   1f016:	00 00       	nop
   1f018:	0e c1       	rjmp	.+540    	; 0x1f236 <__bad_interrupt>
   1f01a:	00 00       	nop
   1f01c:	0c c1       	rjmp	.+536    	; 0x1f236 <__bad_interrupt>
   1f01e:	00 00       	nop
   1f020:	0a c1       	rjmp	.+532    	; 0x1f236 <__bad_interrupt>
   1f022:	00 00       	nop
   1f024:	08 c1       	rjmp	.+528    	; 0x1f236 <__bad_interrupt>
   1f026:	00 00       	nop
   1f028:	06 c1       	rjmp	.+524    	; 0x1f236 <__bad_interrupt>
   1f02a:	00 00       	nop
   1f02c:	04 c1       	rjmp	.+520    	; 0x1f236 <__bad_interrupt>
   1f02e:	00 00       	nop
   1f030:	02 c1       	rjmp	.+516    	; 0x1f236 <__bad_interrupt>
   1f032:	00 00       	nop
   1f034:	00 c1       	rjmp	.+512    	; 0x1f236 <__bad_interrupt>
   1f036:	00 00       	nop
   1f038:	fe c0       	rjmp	.+508    	; 0x1f236 <__bad_interrupt>
   1f03a:	00 00       	nop
   1f03c:	fc c0       	rjmp	.+504    	; 0x1f236 <__bad_interrupt>
   1f03e:	00 00       	nop
   1f040:	fa c0       	rjmp	.+500    	; 0x1f236 <__bad_interrupt>
   1f042:	00 00       	nop
   1f044:	f8 c0       	rjmp	.+496    	; 0x1f236 <__bad_interrupt>
   1f046:	00 00       	nop
   1f048:	f6 c0       	rjmp	.+492    	; 0x1f236 <__bad_interrupt>
   1f04a:	00 00       	nop
   1f04c:	f4 c0       	rjmp	.+488    	; 0x1f236 <__bad_interrupt>
   1f04e:	00 00       	nop
   1f050:	f2 c0       	rjmp	.+484    	; 0x1f236 <__bad_interrupt>
   1f052:	00 00       	nop
   1f054:	f0 c0       	rjmp	.+480    	; 0x1f236 <__bad_interrupt>
   1f056:	00 00       	nop
   1f058:	ee c0       	rjmp	.+476    	; 0x1f236 <__bad_interrupt>
   1f05a:	00 00       	nop
   1f05c:	ec c0       	rjmp	.+472    	; 0x1f236 <__bad_interrupt>
   1f05e:	00 00       	nop
   1f060:	ea c0       	rjmp	.+468    	; 0x1f236 <__bad_interrupt>
   1f062:	00 00       	nop
   1f064:	e8 c0       	rjmp	.+464    	; 0x1f236 <__bad_interrupt>
   1f066:	00 00       	nop
   1f068:	e6 c0       	rjmp	.+460    	; 0x1f236 <__bad_interrupt>
   1f06a:	00 00       	nop
   1f06c:	e4 c0       	rjmp	.+456    	; 0x1f236 <__bad_interrupt>
   1f06e:	00 00       	nop
   1f070:	e2 c0       	rjmp	.+452    	; 0x1f236 <__bad_interrupt>
   1f072:	00 00       	nop
   1f074:	e0 c0       	rjmp	.+448    	; 0x1f236 <__bad_interrupt>
   1f076:	00 00       	nop
   1f078:	de c0       	rjmp	.+444    	; 0x1f236 <__bad_interrupt>
   1f07a:	00 00       	nop
   1f07c:	dc c0       	rjmp	.+440    	; 0x1f236 <__bad_interrupt>
   1f07e:	00 00       	nop
   1f080:	da c0       	rjmp	.+436    	; 0x1f236 <__bad_interrupt>
   1f082:	00 00       	nop
   1f084:	d8 c0       	rjmp	.+432    	; 0x1f236 <__bad_interrupt>
   1f086:	00 00       	nop
   1f088:	d6 c0       	rjmp	.+428    	; 0x1f236 <__bad_interrupt>
	...

0001f08c <mDebugMain_EXIT>:
   1f08c:	53 74 61 72 74 20 75 73 65 72 20 61 70 70 00        Start user app.

0001f09b <mDebugMain_TITLE>:
   1f09b:	53 45 4d 42 6f 6f 74 20 66 6f 72 20 41 72 64 75     SEMBoot for Ardu
   1f0ab:	69 6e 6f 20 4d 65 67 61 31 32 38 34 50 2c 20 56     ino Mega1284P, V
   1f0bb:	65 72 73 69 6f 6e 20 30 2e 36 00                    ersion 0.6.

0001f0c6 <mDebugMain_PREFIX>:
   1f0c6:	4d 61 69 6e 3a 20 00                                Main: .

0001f0cd <tftp_invalid_image_packet>:
   1f0cd:	13 00 05 00 00 49 6e 76 61 6c 69 64 20 69 6d 61     .....Invalid ima
   1f0dd:	67 65 20 66 69 6c 65 00                             ge file.

0001f0e5 <tftp_unknown_error_packet>:
   1f0e5:	08 00 05 00 00 45 72 72 6f 72 00                    .....Error.

0001f0f0 <tftp_full_error_packet>:
   1f0f0:	09 00 05 00 03 46 75 6c 6c 00                       .....Full.

0001f0fa <tftp_opcode_error_packet>:
   1f0fa:	0a 00 05 00 00 4f 70 63 6f 64 65 3f 00              .....Opcode?.

0001f107 <mDebug_HEXPREF>:
   1f107:	30 78 00                                            0x.

0001f10a <mDebug_NEWLINE>:
   1f10a:	0d 0a 00 00                                         ....

0001f10e <__ctors_end>:
   1f10e:	11 24       	eor	r1, r1
   1f110:	1f be       	out	0x3f, r1	; 63
   1f112:	cf ef       	ldi	r28, 0xFF	; 255
   1f114:	d0 e4       	ldi	r29, 0x40	; 64
   1f116:	de bf       	out	0x3e, r29	; 62
   1f118:	cd bf       	out	0x3d, r28	; 61

0001f11a <__do_copy_data>:
   1f11a:	11 e0       	ldi	r17, 0x01	; 1
   1f11c:	a0 e0       	ldi	r26, 0x00	; 0
   1f11e:	b1 e0       	ldi	r27, 0x01	; 1
   1f120:	e2 e5       	ldi	r30, 0x52	; 82
   1f122:	fb ef       	ldi	r31, 0xFB	; 251
   1f124:	01 e0       	ldi	r16, 0x01	; 1
   1f126:	0b bf       	out	0x3b, r16	; 59
   1f128:	02 c0       	rjmp	.+4      	; 0x1f12e <__do_copy_data+0x14>
   1f12a:	07 90       	elpm	r0, Z+
   1f12c:	0d 92       	st	X+, r0
   1f12e:	a0 32       	cpi	r26, 0x20	; 32
   1f130:	b1 07       	cpc	r27, r17
   1f132:	d9 f7       	brne	.-10     	; 0x1f12a <__do_copy_data+0x10>
   1f134:	1b be       	out	0x3b, r1	; 59

0001f136 <__do_clear_bss>:
   1f136:	11 e0       	ldi	r17, 0x01	; 1
   1f138:	a0 e2       	ldi	r26, 0x20	; 32
   1f13a:	b1 e0       	ldi	r27, 0x01	; 1
   1f13c:	01 c0       	rjmp	.+2      	; 0x1f140 <.do_clear_bss_start>

0001f13e <.do_clear_bss_loop>:
   1f13e:	1d 92       	st	X+, r1

0001f140 <.do_clear_bss_start>:
   1f140:	ac 32       	cpi	r26, 0x2C	; 44
   1f142:	b1 07       	cpc	r27, r17
   1f144:	e1 f7       	brne	.-8      	; 0x1f13e <.do_clear_bss_loop>
   1f146:	01 d0       	rcall	.+2      	; 0x1f14a <main>
   1f148:	02 c5       	rjmp	.+2564   	; 0x1fb4e <_exit>

0001f14a <main>:
int main(void)
{
	/* Disable the watchdog timer to prevent
	 * eternal reset loop of doom and despair */
	//uint8_t ch = MCUSR;
	MCUSR = 0;
   1f14a:	14 be       	out	0x34, r1	; 52
	wdt_disable();
   1f14c:	88 e1       	ldi	r24, 0x18	; 24
   1f14e:	0f b6       	in	r0, 0x3f	; 63
   1f150:	f8 94       	cli
   1f152:	80 93 60 00 	sts	0x0060, r24
   1f156:	10 92 60 00 	sts	0x0060, r1
   1f15a:	0f be       	out	0x3f, r0	; 63
	#else
		//round up by default
		__ticks_dc = (uint32_t)(ceil(fabs(__tmp)));
	#endif

	__builtin_avr_delay_cycles(__ticks_dc);
   1f15c:	8f ef       	ldi	r24, 0xFF	; 255
   1f15e:	95 ea       	ldi	r25, 0xA5	; 165
   1f160:	ae e0       	ldi	r26, 0x0E	; 14
   1f162:	81 50       	subi	r24, 0x01	; 1
   1f164:	90 40       	sbci	r25, 0x00	; 0
   1f166:	a0 40       	sbci	r26, 0x00	; 0
   1f168:	e1 f7       	brne	.-8      	; 0x1f162 <main+0x18>
   1f16a:	00 c0       	rjmp	.+0      	; 0x1f16c <main+0x22>
   1f16c:	00 00       	nop
	/* This code makes the following assumptions:
	 * No interrupts will execute
	 * SP points to RAMEND
	 * r1 contains zero */
	//cli();
	asm volatile("clr __zero_reg__");
   1f16e:	11 24       	eor	r1, r1
	// 0x02 -> ClkIO/8 -> 500ns period, 32ms max
	// 0X03 -> ClkIO/64 -> 4us period, 256ms max
	// 0x04 -> ClkIO/256 -> 16us period, 1024ms max
	// 0x05 -> ClkIO/1024 -> 64us period, 4096ms max
	// Set up Timer 1 as timekeeper for LED flashing
	TCCR1B = _BV(CS12) | _BV(CS10); // Same thing as TCCR1B = 0x05;
   1f170:	85 e0       	ldi	r24, 0x05	; 5
   1f172:	80 93 81 00 	sts	0x0081, r24

	/* Write version information in the EEPROM */
	if(eeprom_read_byte(EEPROM_MAJVER) != ARIADNE_MAJVER)
   1f176:	80 e0       	ldi	r24, 0x00	; 0
   1f178:	90 e0       	ldi	r25, 0x00	; 0
   1f17a:	d3 d4       	rcall	.+2470   	; 0x1fb22 <__eerd_byte_m1284p>
   1f17c:	88 23       	and	r24, r24
   1f17e:	21 f0       	breq	.+8      	; 0x1f188 <main+0x3e>
   1f180:	80 e0       	ldi	r24, 0x00	; 0
		eeprom_write_byte(EEPROM_MAJVER, ARIADNE_MAJVER);
   1f182:	90 e0       	ldi	r25, 0x00	; 0
   1f184:	60 e0       	ldi	r22, 0x00	; 0
   1f186:	d5 d4       	rcall	.+2474   	; 0x1fb32 <__eewr_byte_m1284p>
   1f188:	81 e0       	ldi	r24, 0x01	; 1
   1f18a:	90 e0       	ldi	r25, 0x00	; 0
	if(eeprom_read_byte(EEPROM_MINVER) != ARIADNE_MINVER)
   1f18c:	ca d4       	rcall	.+2452   	; 0x1fb22 <__eerd_byte_m1284p>
   1f18e:	84 30       	cpi	r24, 0x04	; 4
   1f190:	21 f0       	breq	.+8      	; 0x1f19a <main+0x50>
   1f192:	81 e0       	ldi	r24, 0x01	; 1
   1f194:	90 e0       	ldi	r25, 0x00	; 0
   1f196:	64 e0       	ldi	r22, 0x04	; 4
		eeprom_write_byte(EEPROM_MINVER, ARIADNE_MINVER);
   1f198:	cc d4       	rcall	.+2456   	; 0x1fb32 <__eewr_byte_m1284p>
   1f19a:	8e e3       	ldi	r24, 0x3E	; 62
   1f19c:	90 e0       	ldi	r25, 0x00	; 0
   1f19e:	c1 d4       	rcall	.+2434   	; 0x1fb22 <__eerd_byte_m1284p>
   1f1a0:	81 30       	cpi	r24, 0x01	; 1
    //    _delay_ms(300);
    //    PORTD &= ~(1UL<<4);
    //}

    
 	if( (eeprom_read_byte(EEPROM_UPDATE_FLAG) == 1) || !((PIND & (1UL<<5)) == (1UL<<5)) || eeprom_read_byte(EEPROM_IMG_STAT) != EEPROM_IMG_OK_VALUE) { //If the update flag was set or button default is being pressed, no timeout will occur
   1f1a2:	41 f0       	breq	.+16     	; 0x1f1b4 <main+0x6a>
   1f1a4:	89 b1       	in	r24, 0x09	; 9
   1f1a6:	85 ff       	sbrs	r24, 5
   1f1a8:	05 c0       	rjmp	.+10     	; 0x1f1b4 <main+0x6a>
   1f1aa:	82 e0       	ldi	r24, 0x02	; 2
   1f1ac:	90 e0       	ldi	r25, 0x00	; 0
   1f1ae:	b9 d4       	rcall	.+2418   	; 0x1fb22 <__eerd_byte_m1284p>
   1f1b0:	8e 3e       	cpi	r24, 0xEE	; 238
   1f1b2:	31 f0       	breq	.+12     	; 0x1f1c0 <main+0x76>
   1f1b4:	8e e3       	ldi	r24, 0x3E	; 62
   1f1b6:	90 e0       	ldi	r25, 0x00	; 0
   1f1b8:	60 e0       	ldi	r22, 0x00	; 0
   1f1ba:	bb d4       	rcall	.+2422   	; 0x1fb32 <__eewr_byte_m1284p>
   1f1bc:	c1 e0       	ldi	r28, 0x01	; 1
   1f1be:	02 c0       	rjmp	.+4      	; 0x1f1c4 <main+0x7a>
 		updateFlag = 1;
 		eeprom_write_byte(EEPROM_UPDATE_FLAG, 0);//Reset update flag so that next reboot normal boot continues
   1f1c0:	a3 d4       	rcall	.+2374   	; 0x1fb08 <appStart>
   1f1c2:	c0 e0       	ldi	r28, 0x00	; 0
   1f1c4:	30 d4       	rcall	.+2144   	; 0x1fa26 <serialInit>
   1f1c6:	86 ec       	ldi	r24, 0xC6	; 198
   1f1c8:	90 ef       	ldi	r25, 0xF0	; 240
    //    PORTD &= ~(1UL<<4);
    //}

    
 	if( (eeprom_read_byte(EEPROM_UPDATE_FLAG) == 1) || !((PIND & (1UL<<5)) == (1UL<<5)) || eeprom_read_byte(EEPROM_IMG_STAT) != EEPROM_IMG_OK_VALUE) { //If the update flag was set or button default is being pressed, no timeout will occur
 		updateFlag = 1;
   1f1ca:	6b e9       	ldi	r22, 0x9B	; 155
 		eeprom_write_byte(EEPROM_UPDATE_FLAG, 0);//Reset update flag so that next reboot normal boot continues
   1f1cc:	70 ef       	ldi	r23, 0xF0	; 240
 	}
 	//else if(eeprom_read_byte(EEPROM_UPDATE_FLAG) == 2 || !(ch & _BV(EXTRF))) { //Updating disabled || if not external (hard reset) skip bootloader
    else {
		appStart();
   1f1ce:	d1 d3       	rcall	.+1954   	; 0x1f972 <tracePGMln>
   1f1d0:	94 d0       	rcall	.+296    	; 0x1f2fa <spiInit>
	if(eeprom_read_byte(EEPROM_MAJVER) != ARIADNE_MAJVER)
		eeprom_write_byte(EEPROM_MAJVER, ARIADNE_MAJVER);
	if(eeprom_read_byte(EEPROM_MINVER) != ARIADNE_MINVER)
		eeprom_write_byte(EEPROM_MINVER, ARIADNE_MINVER);
	
    uint8_t updateFlag = 0;
   1f1d2:	9c d0       	rcall	.+312    	; 0x1f30c <netInit>
    else {
		appStart();
 	}

	//Initialize UART communication
	serialInit();
   1f1d4:	96 d2       	rcall	.+1324   	; 0x1f702 <tftpInit>
   1f1d6:	10 92 2a 01 	sts	0x012A, r1
	DBG_MAIN(tracePGMlnMain(mDebugMain_TITLE);)
   1f1da:	10 92 2b 01 	sts	0x012B, r1
   1f1de:	d3 e0       	ldi	r29, 0x03	; 3
   1f1e0:	cc 24       	eor	r12, r12
   1f1e2:	dd 24       	eor	r13, r13
		buttonInit();
	)

	/** Initalize SPI communication */
	DBG_MAIN_EX(tracePGMlnMain(mDebugMain_SPI);)
	spiInit();
   1f1e4:	76 01       	movw	r14, r12
   1f1e6:	80 91 2a 01 	lds	r24, 0x012A
	/** Initialize networking */
	DBG_MAIN_EX(tracePGMlnMain(mDebugMain_NET);)
	netInit();
   1f1ea:	88 23       	and	r24, r24

	// Initialize the UDP socket for tftp
	DBG_MAIN_EX(tracePGMlnMain(mDebugMain_TFTP);)
	tftpInit();
   1f1ec:	19 f4       	brne	.+6      	; 0x1f1f4 <main+0xaa>
   1f1ee:	ac d2       	rcall	.+1368   	; 0x1f748 <tftpPoll>
#if defined(ANNOUNCE)
	DBG_MAIN_EX(tracePGMlnMain(mDebugMain_ANN);)
	announceInit();
#endif

	serialFlashing = FALSE;
   1f1f0:	88 23       	and	r24, r24
   1f1f2:	d1 f0       	breq	.+52     	; 0x1f228 <main+0xde>
	tftpFlashing = FALSE;
   1f1f4:	72 d4       	rcall	.+2276   	; 0x1fada <timedOut>
   1f1f6:	88 23       	and	r24, r24
			if(eeprom_read_byte(EEPROM_IMG_STAT) == EEPROM_IMG_OK_VALUE) break;

			//TODO: determine the conditions for reseting server OR reseting socket
			if(tftpFlashing == TRUE) {
				// Delete first page of flash memory
				boot_page_erase(0);
   1f1f8:	a9 f0       	breq	.+42     	; 0x1f224 <main+0xda>
   1f1fa:	c1 30       	cpi	r28, 0x01	; 1
   1f1fc:	99 f0       	breq	.+38     	; 0x1f224 <main+0xda>
   1f1fe:	82 e0       	ldi	r24, 0x02	; 2
	serialFlashing = FALSE;
	tftpFlashing = FALSE;

	for(;;) {
		// If there is no serial flashing under way, poll tftp
		if(!serialFlashing)
   1f200:	90 e0       	ldi	r25, 0x00	; 0
   1f202:	8f d4       	rcall	.+2334   	; 0x1fb22 <__eerd_byte_m1284p>
   1f204:	8e 3e       	cpi	r24, 0xEE	; 238
   1f206:	81 f0       	breq	.+32     	; 0x1f228 <main+0xde>
			// If tftp recieved a FINAL_ACK, break
			if(tftpPoll() == 0)
   1f208:	80 91 2b 01 	lds	r24, 0x012B
   1f20c:	81 30       	cpi	r24, 0x01	; 1
   1f20e:	51 f4       	brne	.+20     	; 0x1f224 <main+0xda>
		/* As explained above this goes out */
#if defined(ANNOUNCE)
		announcePoll();
#endif

		if((timedOut()) && !(updateFlag == 1)) {
   1f210:	f6 01       	movw	r30, r12
   1f212:	e0 92 5b 00 	sts	0x005B, r14
   1f216:	d0 93 57 00 	sts	0x0057, r29
   1f21a:	e8 95       	spm
			if(eeprom_read_byte(EEPROM_IMG_STAT) == EEPROM_IMG_OK_VALUE) break;
   1f21c:	72 d2       	rcall	.+1252   	; 0x1f702 <tftpInit>
   1f21e:	54 d4       	rcall	.+2216   	; 0x1fac8 <resetTick>
   1f220:	10 92 2b 01 	sts	0x012B, r1
   1f224:	30 d4       	rcall	.+2144   	; 0x1fa86 <updateLed>
   1f226:	df cf       	rjmp	.-66     	; 0x1f1e6 <main+0x9c>

			//TODO: determine the conditions for reseting server OR reseting socket
			if(tftpFlashing == TRUE) {
   1f228:	88 e1       	ldi	r24, 0x18	; 24
   1f22a:	80 93 60 00 	sts	0x0060, r24
   1f22e:	8c e0       	ldi	r24, 0x0C	; 12
				// Delete first page of flash memory
				boot_page_erase(0);
   1f230:	80 93 60 00 	sts	0x0060, r24
   1f234:	ff cf       	rjmp	.-2      	; 0x1f234 <main+0xea>

0001f236 <__bad_interrupt>:
   1f236:	e4 ce       	rjmp	.-568    	; 0x1f000 <__vectors>

0001f238 <spiWriteReg>:
		tracenum(address);
		tracePGM(mDebugSpi_COMMA);
		tracenum(value);
	)

	SPCR = _BV(SPE) | _BV(MSTR); // Set SPI as master
   1f238:	20 e5       	ldi	r18, 0x50	; 80
   1f23a:	2c bd       	out	0x2c, r18	; 44
	SS_LOW();
   1f23c:	2c 98       	cbi	0x05, 4	; 5
	SPDR = cb;  //Socket 3 BSB Write 0x6D Selects Socket 3 Register, write mode, 1 byte data length
	while(!(SPSR & _BV(SPIF)));

#else //Standard W5100 Code

	SPDR = SPI_WRITE;
   1f23e:	20 ef       	ldi	r18, 0xF0	; 240
   1f240:	2e bd       	out	0x2e, r18	; 46
	while(!(SPSR & _BV(SPIF)));
   1f242:	0d b4       	in	r0, 0x2d	; 45
   1f244:	07 fe       	sbrs	r0, 7
   1f246:	fd cf       	rjmp	.-6      	; 0x1f242 <spiWriteReg+0xa>

	SPDR = address >> 8;
   1f248:	29 2f       	mov	r18, r25
   1f24a:	33 27       	eor	r19, r19
   1f24c:	2e bd       	out	0x2e, r18	; 46
	while(!(SPSR & _BV(SPIF)));
   1f24e:	0d b4       	in	r0, 0x2d	; 45
   1f250:	07 fe       	sbrs	r0, 7
   1f252:	fd cf       	rjmp	.-6      	; 0x1f24e <spiWriteReg+0x16>

	SPDR = address & 0xff;
   1f254:	8e bd       	out	0x2e, r24	; 46
	while(!(SPSR & _BV(SPIF)));
   1f256:	0d b4       	in	r0, 0x2d	; 45
   1f258:	07 fe       	sbrs	r0, 7
   1f25a:	fd cf       	rjmp	.-6      	; 0x1f256 <spiWriteReg+0x1e>

#endif

	SPDR = value;
   1f25c:	4e bd       	out	0x2e, r20	; 46
	while(!(SPSR & _BV(SPIF)));
   1f25e:	0d b4       	in	r0, 0x2d	; 45
   1f260:	07 fe       	sbrs	r0, 7
   1f262:	fd cf       	rjmp	.-6      	; 0x1f25e <spiWriteReg+0x26>

	SS_HIGH();
   1f264:	2c 9a       	sbi	0x05, 4	; 5
	cb = 0; //prevents compiler whining about unused cb variable
	SPCR = cb; // Turn off SPI	
   1f266:	1c bc       	out	0x2c, r1	; 44
	
}
   1f268:	08 95       	ret

0001f26a <spiWriteWord>:

void spiWriteWord(uint16_t address, uint8_t cb, uint16_t value)
{
   1f26a:	ef 92       	push	r14
   1f26c:	ff 92       	push	r15
   1f26e:	1f 93       	push	r17
   1f270:	cf 93       	push	r28
   1f272:	df 93       	push	r29
   1f274:	ec 01       	movw	r28, r24
   1f276:	16 2f       	mov	r17, r22
   1f278:	7a 01       	movw	r14, r20
	// Write uint16_t to Ethernet controller
	spiWriteReg(address++, cb, value >> 8);
   1f27a:	45 2f       	mov	r20, r21
   1f27c:	55 27       	eor	r21, r21
   1f27e:	dc df       	rcall	.-72     	; 0x1f238 <spiWriteReg>
   1f280:	ce 01       	movw	r24, r28
	spiWriteReg(address, cb, value & 0xff);
   1f282:	01 96       	adiw	r24, 0x01	; 1
   1f284:	61 2f       	mov	r22, r17
   1f286:	4e 2d       	mov	r20, r14
   1f288:	d7 df       	rcall	.-82     	; 0x1f238 <spiWriteReg>
   1f28a:	df 91       	pop	r29
   1f28c:	cf 91       	pop	r28
}
   1f28e:	1f 91       	pop	r17
   1f290:	ff 90       	pop	r15
   1f292:	ef 90       	pop	r14
   1f294:	08 95       	ret

0001f296 <spiReadReg>:
   1f296:	20 e5       	ldi	r18, 0x50	; 80
   1f298:	2c bd       	out	0x2c, r18	; 44
	)
	#endif

	uint8_t returnValue;

	SPCR = _BV(SPE) | _BV(MSTR);
   1f29a:	2c 98       	cbi	0x05, 4	; 5
   1f29c:	2f e0       	ldi	r18, 0x0F	; 15
	SS_LOW();
   1f29e:	2e bd       	out	0x2e, r18	; 46
	SPDR = cb;  //Socket 3 BSB Read 0x69 Selects Socket 3 Register, read mode, 1 byte data length
	while(!(SPSR & _BV(SPIF)));

#else //Standard W5100 Code

	SPDR = SPI_READ;
   1f2a0:	0d b4       	in	r0, 0x2d	; 45
   1f2a2:	07 fe       	sbrs	r0, 7
	while(!(SPSR & _BV(SPIF)));
   1f2a4:	fd cf       	rjmp	.-6      	; 0x1f2a0 <spiReadReg+0xa>
   1f2a6:	29 2f       	mov	r18, r25
   1f2a8:	33 27       	eor	r19, r19

	SPDR = address >> 8;
   1f2aa:	2e bd       	out	0x2e, r18	; 46
   1f2ac:	0d b4       	in	r0, 0x2d	; 45
   1f2ae:	07 fe       	sbrs	r0, 7
	while(!(SPSR & _BV(SPIF)));
   1f2b0:	fd cf       	rjmp	.-6      	; 0x1f2ac <spiReadReg+0x16>
   1f2b2:	8e bd       	out	0x2e, r24	; 46
   1f2b4:	0d b4       	in	r0, 0x2d	; 45

	SPDR = address & 0xff;
   1f2b6:	07 fe       	sbrs	r0, 7
	while(!(SPSR & _BV(SPIF)));
   1f2b8:	fd cf       	rjmp	.-6      	; 0x1f2b4 <spiReadReg+0x1e>
   1f2ba:	1e bc       	out	0x2e, r1	; 46
   1f2bc:	0d b4       	in	r0, 0x2d	; 45

#endif

	SPDR = 0;
   1f2be:	07 fe       	sbrs	r0, 7
	while(!(SPSR & _BV(SPIF)));
   1f2c0:	fd cf       	rjmp	.-6      	; 0x1f2bc <spiReadReg+0x26>
   1f2c2:	2c 9a       	sbi	0x05, 4	; 5
   1f2c4:	8e b5       	in	r24, 0x2e	; 46

	SS_HIGH();
   1f2c6:	1c bc       	out	0x2c, r1	; 44
	returnValue = SPDR;
   1f2c8:	08 95       	ret

0001f2ca <spiReadWord>:
	
	cb = 0; //prevents compiler whining about unused cb variable
	SPCR = cb; // Turn off SPI
   1f2ca:	0f 93       	push	r16

	return(returnValue);
}
   1f2cc:	1f 93       	push	r17

uint16_t spiReadWord(uint16_t address, uint8_t cb)
{
   1f2ce:	cf 93       	push	r28
   1f2d0:	df 93       	push	r29
   1f2d2:	ec 01       	movw	r28, r24
   1f2d4:	16 2f       	mov	r17, r22
   1f2d6:	df df       	rcall	.-66     	; 0x1f296 <spiReadReg>
   1f2d8:	08 2f       	mov	r16, r24
	// Read uint16_t from Ethernet controller
	return((spiReadReg(address, cb) << 8) | spiReadReg(address + 1, cb));
   1f2da:	ce 01       	movw	r24, r28
   1f2dc:	01 96       	adiw	r24, 0x01	; 1
   1f2de:	61 2f       	mov	r22, r17
   1f2e0:	da df       	rcall	.-76     	; 0x1f296 <spiReadReg>
   1f2e2:	20 2f       	mov	r18, r16
   1f2e4:	30 e0       	ldi	r19, 0x00	; 0
   1f2e6:	32 2f       	mov	r19, r18
   1f2e8:	22 27       	eor	r18, r18
   1f2ea:	90 e0       	ldi	r25, 0x00	; 0
   1f2ec:	82 2b       	or	r24, r18
   1f2ee:	93 2b       	or	r25, r19
   1f2f0:	df 91       	pop	r29
   1f2f2:	cf 91       	pop	r28
}
   1f2f4:	1f 91       	pop	r17
   1f2f6:	0f 91       	pop	r16
   1f2f8:	08 95       	ret

0001f2fa <spiInit>:
   1f2fa:	80 ef       	ldi	r24, 0xF0	; 240
   1f2fc:	85 b9       	out	0x05, r24	; 5
   1f2fe:	80 eb       	ldi	r24, 0xB0	; 176
   1f300:	84 b9       	out	0x04, r24	; 4
	 * At this stage all pins are set to HIGH. This in fact DISABLES SPI for both Ethernet and SD.
	 * SS pin for ethernet is pulled low just in time for reading or writing data inside those
	 * functions. */

	/** Set SPI pins high */
	SPI_PORT = _BV(SCK) | _BV(MISO) | _BV(MOSI) | _BV(SS);
   1f302:	47 9a       	sbi	0x08, 7	; 8
   1f304:	3f 9a       	sbi	0x07, 7	; 7
	/** Set SPI pins as output */
	SPI_DDR = _BV(SCK) | _BV(MOSI) | _BV(SS);
   1f306:	81 e0       	ldi	r24, 0x01	; 1
   1f308:	8d bd       	out	0x2d, r24	; 45
	ETH_DDR |= _BV(ETH_SS);
	#endif

	/** Disable SD card */
	/** Set SD SS pin high */
	SD_PORT |= _BV(SD_SS);
   1f30a:	08 95       	ret

0001f30c <netInit>:
	0x55          // TMSR Tx Memory Size Register, 2K per socket
};


void netInit(void)
{
   1f30c:	0f 93       	push	r16
   1f30e:	1f 93       	push	r17
   1f310:	cf 93       	push	r28
   1f312:	df 93       	push	r29
	uint8_t i;

	/* Pull in altered network settings, if available,
	 * from AVR EEPROM (if signature bytes are set) */
	if((eeprom_read_byte(EEPROM_SIG_1) == EEPROM_SIG_1_VALUE)
   1f314:	83 e0       	ldi	r24, 0x03	; 3
   1f316:	90 e0       	ldi	r25, 0x00	; 0
   1f318:	04 d4       	rcall	.+2056   	; 0x1fb22 <__eerd_byte_m1284p>
   1f31a:	85 35       	cpi	r24, 0x55	; 85
   1f31c:	91 f4       	brne	.+36     	; 0x1f342 <netInit+0x36>
   1f31e:	84 e0       	ldi	r24, 0x04	; 4
		&& (eeprom_read_byte(EEPROM_SIG_2) == EEPROM_SIG_2_VALUE)) {
   1f320:	90 e0       	ldi	r25, 0x00	; 0
   1f322:	ff d3       	rcall	.+2046   	; 0x1fb22 <__eerd_byte_m1284p>
   1f324:	8a 3a       	cpi	r24, 0xAA	; 170
   1f326:	69 f4       	brne	.+26     	; 0x1f342 <netInit+0x36>
   1f328:	01 e0       	ldi	r16, 0x01	; 1
   1f32a:	11 e0       	ldi	r17, 0x01	; 1
   1f32c:	c5 e0       	ldi	r28, 0x05	; 5
   1f32e:	d0 e0       	ldi	r29, 0x00	; 0
   1f330:	ce 01       	movw	r24, r28
   1f332:	f7 d3       	rcall	.+2030   	; 0x1fb22 <__eerd_byte_m1284p>

		for(i = 0; i < EEPROM_SETTINGS_SIZE; i++)
			registerBuffer[i + 1] = eeprom_read_byte(EEPROM_DATA + i);
   1f334:	f8 01       	movw	r30, r16
   1f336:	81 93       	st	Z+, r24
   1f338:	8f 01       	movw	r16, r30
   1f33a:	21 96       	adiw	r28, 0x01	; 1
   1f33c:	c7 31       	cpi	r28, 0x17	; 23
   1f33e:	d1 05       	cpc	r29, r1
   1f340:	b9 f7       	brne	.-18     	; 0x1f330 <netInit+0x24>
	/* Pull in altered network settings, if available,
	 * from AVR EEPROM (if signature bytes are set) */
	if((eeprom_read_byte(EEPROM_SIG_1) == EEPROM_SIG_1_VALUE)
		&& (eeprom_read_byte(EEPROM_SIG_2) == EEPROM_SIG_2_VALUE)) {

		for(i = 0; i < EEPROM_SETTINGS_SIZE; i++)
   1f342:	00 e0       	ldi	r16, 0x00	; 0
   1f344:	11 e0       	ldi	r17, 0x01	; 1
   1f346:	c0 e0       	ldi	r28, 0x00	; 0
   1f348:	d0 e0       	ldi	r29, 0x00	; 0
   1f34a:	f8 01       	movw	r30, r16
	uint8_t i;

	/* Pull in altered network settings, if available,
	 * from AVR EEPROM (if signature bytes are set) */
	if((eeprom_read_byte(EEPROM_SIG_1) == EEPROM_SIG_1_VALUE)
		&& (eeprom_read_byte(EEPROM_SIG_2) == EEPROM_SIG_2_VALUE)) {
   1f34c:	41 91       	ld	r20, Z+
   1f34e:	8f 01       	movw	r16, r30
		}
	)

	/** Configure Wiznet chip. Network settings */
	for(i = 0; i < REGISTER_BLOCK_SIZE; i++)
		spiWriteReg(i, 0, registerBuffer[i]);
   1f350:	ce 01       	movw	r24, r28
   1f352:	60 e0       	ldi	r22, 0x00	; 0
   1f354:	71 df       	rcall	.-286    	; 0x1f238 <spiWriteReg>
   1f356:	21 96       	adiw	r28, 0x01	; 1
   1f358:	cc 31       	cpi	r28, 0x1C	; 28
   1f35a:	d1 05       	cpc	r29, r1
   1f35c:	b1 f7       	brne	.-20     	; 0x1f34a <netInit+0x3e>
   1f35e:	df 91       	pop	r29
			if(i != 14) putch(0x2E);
		}
	)

	/** Configure Wiznet chip. Network settings */
	for(i = 0; i < REGISTER_BLOCK_SIZE; i++)
   1f360:	cf 91       	pop	r28
   1f362:	1f 91       	pop	r17
   1f364:	0f 91       	pop	r16
		spiWriteReg(i, 0, registerBuffer[i]);


	DBG_NET(tracePGMlnNet(mDebugNet_DONE);)
}
   1f366:	08 95       	ret

0001f368 <sockInit>:

uint16_t lastPacket = 0, highPacket = 0;


static void sockInit(uint16_t port)
{
   1f368:	cf 93       	push	r28
   1f36a:	df 93       	push	r29
   1f36c:	ec 01       	movw	r28, r24
		tracePGMlnTftp(mDebugTftp_SOCK);
		tracenum(port);
	)


	spiWriteReg(REG_S3_CR, S3_W_CB, CR_CLOSE);
   1f36e:	81 e0       	ldi	r24, 0x01	; 1
   1f370:	97 e0       	ldi	r25, 0x07	; 7
   1f372:	6c e6       	ldi	r22, 0x6C	; 108
   1f374:	40 e1       	ldi	r20, 0x10	; 16
   1f376:	60 df       	rcall	.-320    	; 0x1f238 <spiWriteReg>
   1f378:	81 e0       	ldi	r24, 0x01	; 1
        while(spiReadReg(REG_S3_CR, S3_R_CB)) {
   1f37a:	97 e0       	ldi	r25, 0x07	; 7
   1f37c:	68 e6       	ldi	r22, 0x68	; 104
   1f37e:	8b df       	rcall	.-234    	; 0x1f296 <spiReadReg>
   1f380:	88 23       	and	r24, r24
   1f382:	d1 f7       	brne	.-12     	; 0x1f378 <sockInit+0x10>
   1f384:	82 e0       	ldi	r24, 0x02	; 2
   1f386:	97 e0       	ldi	r25, 0x07	; 7
        	//wait for command to complete	
        }  
        
	do {
                // Write interrupt
		spiWriteReg(REG_S3_IR, S3_W_CB, 0xFF);
   1f388:	6c e6       	ldi	r22, 0x6C	; 108
   1f38a:	4f ef       	ldi	r20, 0xFF	; 255
   1f38c:	55 df       	rcall	.-342    	; 0x1f238 <spiWriteReg>
   1f38e:	80 e0       	ldi	r24, 0x00	; 0
   1f390:	97 e0       	ldi	r25, 0x07	; 7
   1f392:	6c e6       	ldi	r22, 0x6C	; 108
                // Write mode
                spiWriteReg(REG_S3_MR, S3_W_CB, MR_UDP);
   1f394:	42 e0       	ldi	r20, 0x02	; 2
   1f396:	50 df       	rcall	.-352    	; 0x1f238 <spiWriteReg>
   1f398:	84 e0       	ldi	r24, 0x04	; 4
   1f39a:	97 e0       	ldi	r25, 0x07	; 7
   1f39c:	6c e6       	ldi	r22, 0x6C	; 108
   1f39e:	ae 01       	movw	r20, r28
                // Write TFTP Port
		spiWriteWord(REG_S3_PORT0, S3_W_CB, port);
   1f3a0:	64 df       	rcall	.-312    	; 0x1f26a <spiWriteWord>
   1f3a2:	81 e0       	ldi	r24, 0x01	; 1
   1f3a4:	97 e0       	ldi	r25, 0x07	; 7
   1f3a6:	6c e6       	ldi	r22, 0x6C	; 108
   1f3a8:	41 e0       	ldi	r20, 0x01	; 1
   1f3aa:	46 df       	rcall	.-372    	; 0x1f238 <spiWriteReg>
		// Open Socket
        	spiWriteReg(REG_S3_CR, S3_W_CB, CR_OPEN);
   1f3ac:	81 e0       	ldi	r24, 0x01	; 1
   1f3ae:	97 e0       	ldi	r25, 0x07	; 7
   1f3b0:	68 e6       	ldi	r22, 0x68	; 104
   1f3b2:	71 df       	rcall	.-286    	; 0x1f296 <spiReadReg>
   1f3b4:	88 23       	and	r24, r24
   1f3b6:	d1 f7       	brne	.-12     	; 0x1f3ac <sockInit+0x44>
        	while(spiReadReg(REG_S3_CR, S3_R_CB)) {
   1f3b8:	83 e0       	ldi	r24, 0x03	; 3
   1f3ba:	97 e0       	ldi	r25, 0x07	; 7
   1f3bc:	68 e6       	ldi	r22, 0x68	; 104
   1f3be:	6b df       	rcall	.-298    	; 0x1f296 <spiReadReg>
   1f3c0:	82 32       	cpi	r24, 0x22	; 34
   1f3c2:	29 f0       	breq	.+10     	; 0x1f3ce <sockInit+0x66>
   1f3c4:	81 e0       	ldi	r24, 0x01	; 1
        		//wait for command to complete	
 		} 
		// Read Status
		if(spiReadReg(REG_S3_SR, S3_R_CB) != SOCK_UDP)
   1f3c6:	97 e0       	ldi	r25, 0x07	; 7
   1f3c8:	6c e6       	ldi	r22, 0x6C	; 108
   1f3ca:	40 e1       	ldi	r20, 0x10	; 16
   1f3cc:	35 df       	rcall	.-406    	; 0x1f238 <spiWriteReg>
   1f3ce:	83 e0       	ldi	r24, 0x03	; 3
   1f3d0:	97 e0       	ldi	r25, 0x07	; 7
   1f3d2:	68 e6       	ldi	r22, 0x68	; 104
			// Close Socket if it wasn't initialized correctly
			spiWriteReg(REG_S3_CR, S3_W_CB, CR_CLOSE);
   1f3d4:	60 df       	rcall	.-320    	; 0x1f296 <spiReadReg>
   1f3d6:	82 32       	cpi	r24, 0x22	; 34
   1f3d8:	a9 f6       	brne	.-86     	; 0x1f384 <sockInit+0x1c>
   1f3da:	df 91       	pop	r29
   1f3dc:	cf 91       	pop	r28
   1f3de:	08 95       	ret

0001f3e0 <processPacket>:


		// If socket correctly opened continue
	} while(spiReadReg(REG_S3_SR, S3_R_CB) != SOCK_UDP);
   1f3e0:	2f 92       	push	r2
   1f3e2:	3f 92       	push	r3
   1f3e4:	4f 92       	push	r4
   1f3e6:	5f 92       	push	r5
   1f3e8:	6f 92       	push	r6
   1f3ea:	7f 92       	push	r7
   1f3ec:	8f 92       	push	r8
}
   1f3ee:	9f 92       	push	r9
   1f3f0:	af 92       	push	r10
   1f3f2:	bf 92       	push	r11
#if (DEBUG_TFTP > 0)
static uint8_t processPacket(uint16_t packetSize)
#else
static uint8_t processPacket(void)
#endif
{
   1f3f4:	cf 92       	push	r12
   1f3f6:	df 92       	push	r13
   1f3f8:	ef 92       	push	r14
   1f3fa:	ff 92       	push	r15
   1f3fc:	0f 93       	push	r16
   1f3fe:	1f 93       	push	r17
   1f400:	cf 93       	push	r28
   1f402:	df 93       	push	r29
   1f404:	cd b7       	in	r28, 0x3d	; 61
   1f406:	de b7       	in	r29, 0x3e	; 62
   1f408:	cc 50       	subi	r28, 0x0C	; 12
   1f40a:	d2 40       	sbci	r29, 0x02	; 2
   1f40c:	de bf       	out	0x3e, r29	; 62
   1f40e:	cd bf       	out	0x3d, r28	; 61
   1f410:	88 e2       	ldi	r24, 0x28	; 40
   1f412:	97 e0       	ldi	r25, 0x07	; 7
   1f414:	68 e6       	ldi	r22, 0x68	; 104
   1f416:	59 df       	rcall	.-334    	; 0x1f2ca <spiReadWord>
   1f418:	ac 01       	movw	r20, r24
   1f41a:	00 97       	sbiw	r24, 0x00	; 0
   1f41c:	11 f4       	brne	.+4      	; 0x1f422 <processPacket+0x42>
   1f41e:	40 e0       	ldi	r20, 0x00	; 0
   1f420:	58 e7       	ldi	r21, 0x78	; 120
   1f422:	fd e0       	ldi	r31, 0x0D	; 13

		DBG_BTN(button();)
	)

	// Read data from chip to buffer
	readPointer = spiReadWord(REG_S3_RX_RD0, S3_R_CB);
   1f424:	cf 2e       	mov	r12, r31
   1f426:	f2 e0       	ldi	r31, 0x02	; 2
   1f428:	df 2e       	mov	r13, r31
   1f42a:	cc 0e       	add	r12, r28
   1f42c:	dd 1e       	adc	r13, r29
   1f42e:	7e 01       	movw	r14, r28

	if(readPointer == 0) readPointer = 0x0000;

#else

	if(readPointer == 0) readPointer += S3_RX_START;
   1f430:	08 94       	sec
   1f432:	e1 1c       	adc	r14, r1
   1f434:	f1 1c       	adc	r15, r1
   1f436:	10 c0       	rjmp	.+32     	; 0x1f458 <processPacket+0x78>


#if (DEBUG_TFTP > 0)
static uint8_t processPacket(uint16_t packetSize)
#else
static uint8_t processPacket(void)
   1f438:	8a 01       	movw	r16, r20
   1f43a:	0f 5f       	subi	r16, 0xFF	; 255
   1f43c:	1f 4f       	sbci	r17, 0xFF	; 255
   1f43e:	ca 01       	movw	r24, r20
   1f440:	60 e0       	ldi	r22, 0x00	; 0
   1f442:	29 df       	rcall	.-430    	; 0x1f296 <spiReadReg>
   1f444:	d7 01       	movw	r26, r14
   1f446:	8d 93       	st	X+, r24
   1f448:	7d 01       	movw	r14, r26
   1f44a:	b0 e8       	ldi	r27, 0x80	; 128
   1f44c:	00 30       	cpi	r16, 0x00	; 0
		*bufPtr++ = spiReadReg(readPointer++, S3_RXBUF_CB);

		if(readPointer == 0xFFFF) readPointer = 0x0000; //changed 0c0800 to 0xFFFF, fixes a 4th packet retransmit bug. upload speed changed from 500sec to 90sec for 100kb program
#else

		*bufPtr++ = spiReadReg(readPointer++, 0);
   1f44e:	1b 07       	cpc	r17, r27
   1f450:	11 f4       	brne	.+4      	; 0x1f456 <processPacket+0x76>
   1f452:	00 e0       	ldi	r16, 0x00	; 0
   1f454:	18 e7       	ldi	r17, 0x78	; 120
   1f456:	a8 01       	movw	r20, r16
   1f458:	ec 14       	cp	r14, r12
   1f45a:	fd 04       	cpc	r15, r13
   1f45c:	69 f7       	brne	.-38     	; 0x1f438 <processPacket+0x58>
   1f45e:	88 e2       	ldi	r24, 0x28	; 40
   1f460:	97 e0       	ldi	r25, 0x07	; 7

		if(readPointer == S3_RX_END) readPointer = S3_RX_START;
   1f462:	6c e6       	ldi	r22, 0x6C	; 108
   1f464:	02 df       	rcall	.-508    	; 0x1f26a <spiWriteWord>
   1f466:	81 e0       	ldi	r24, 0x01	; 1
   1f468:	97 e0       	ldi	r25, 0x07	; 7
   1f46a:	6c e6       	ldi	r22, 0x6C	; 108
   1f46c:	40 e4       	ldi	r20, 0x40	; 64


#if (DEBUG_TFTP > 0)
static uint8_t processPacket(uint16_t packetSize)
#else
static uint8_t processPacket(void)
   1f46e:	e4 de       	rcall	.-568    	; 0x1f238 <spiWriteReg>

	if(readPointer == 0) readPointer += S3_RX_START;

#endif

	for(count = TFTP_PACKET_MAX_SIZE; count--;) {
   1f470:	81 e0       	ldi	r24, 0x01	; 1
   1f472:	97 e0       	ldi	r25, 0x07	; 7
   1f474:	68 e6       	ldi	r22, 0x68	; 104

#endif

	}

	spiWriteWord(REG_S3_RX_RD0, S3_W_CB, readPointer);     // Write back new pointer
   1f476:	0f df       	rcall	.-482    	; 0x1f296 <spiReadReg>
   1f478:	88 23       	and	r24, r24
   1f47a:	d1 f7       	brne	.-12     	; 0x1f470 <processPacket+0x90>
   1f47c:	8e 01       	movw	r16, r28
   1f47e:	0f 5f       	subi	r16, 0xFF	; 255
	spiWriteReg(REG_S3_CR, S3_W_CB, CR_RECV);
   1f480:	1f 4f       	sbci	r17, 0xFF	; 255
   1f482:	ec e0       	ldi	r30, 0x0C	; 12
   1f484:	ee 2e       	mov	r14, r30
   1f486:	e7 e0       	ldi	r30, 0x07	; 7
   1f488:	fe 2e       	mov	r15, r30
   1f48a:	f8 01       	movw	r30, r16

	while(spiReadReg(REG_S3_CR, S3_R_CB));
   1f48c:	41 91       	ld	r20, Z+
   1f48e:	8f 01       	movw	r16, r30
   1f490:	c7 01       	movw	r24, r14
   1f492:	6c e6       	ldi	r22, 0x6C	; 108
   1f494:	d1 de       	rcall	.-606    	; 0x1f238 <spiWriteReg>
   1f496:	08 94       	sec
   1f498:	e1 1c       	adc	r14, r1
   1f49a:	f1 1c       	adc	r15, r1
   1f49c:	f2 e1       	ldi	r31, 0x12	; 18
   1f49e:	ef 16       	cp	r14, r31
   1f4a0:	f7 e0       	ldi	r31, 0x07	; 7
   1f4a2:	ff 06       	cpc	r15, r31
   1f4a4:	91 f7       	brne	.-28     	; 0x1f48a <processPacket+0xaa>
   1f4a6:	ef 80       	ldd	r14, Y+7	; 0x07
	)

	// Set up return IP address and port
	uint8_t i;

	for(i = 0; i < 6; i++) spiWriteReg(REG_S3_DIPR0 + i, S3_W_CB, buffer[i]);
   1f4a8:	ff 24       	eor	r15, r15
   1f4aa:	fe 2c       	mov	r15, r14
   1f4ac:	ee 24       	eor	r14, r14
   1f4ae:	88 85       	ldd	r24, Y+8	; 0x08
   1f4b0:	e8 0e       	add	r14, r24
   1f4b2:	f1 1c       	adc	r15, r1
   1f4b4:	89 85       	ldd	r24, Y+9	; 0x09
   1f4b6:	90 e0       	ldi	r25, 0x00	; 0
   1f4b8:	98 2f       	mov	r25, r24
   1f4ba:	88 27       	eor	r24, r24
   1f4bc:	2a 85       	ldd	r18, Y+10	; 0x0a
   1f4be:	82 0f       	add	r24, r18
   1f4c0:	91 1d       	adc	r25, r1
   1f4c2:	0b 85       	ldd	r16, Y+11	; 0x0b
   1f4c4:	10 e0       	ldi	r17, 0x00	; 0

	DBG_TFTP(tracePGMlnTftp(mDebugTftp_RADDR);)

	// Parse packet
	uint16_t tftpDataLen = (buffer[6] << 8) + buffer[7];
   1f4c6:	10 2f       	mov	r17, r16
   1f4c8:	00 27       	eor	r16, r16
   1f4ca:	2c 85       	ldd	r18, Y+12	; 0x0c
   1f4cc:	02 0f       	add	r16, r18
   1f4ce:	11 1d       	adc	r17, r1
   1f4d0:	83 30       	cpi	r24, 0x03	; 3
   1f4d2:	91 05       	cpc	r25, r1
	uint16_t tftpOpcode  = (buffer[8] << 8) + buffer[9];
   1f4d4:	89 f4       	brne	.+34     	; 0x1f4f8 <processPacket+0x118>
   1f4d6:	09 3f       	cpi	r16, 0xF9	; 249
   1f4d8:	11 05       	cpc	r17, r1
   1f4da:	60 f4       	brcc	.+24     	; 0x1f4f4 <processPacket+0x114>
   1f4dc:	20 91 20 01 	lds	r18, 0x0120
   1f4e0:	30 91 21 01 	lds	r19, 0x0121
	uint16_t tftpBlock   = (buffer[10] << 8) + buffer[11];
   1f4e4:	02 17       	cp	r16, r18
   1f4e6:	13 07       	cpc	r17, r19
   1f4e8:	28 f0       	brcs	.+10     	; 0x1f4f4 <processPacket+0x114>
   1f4ea:	2f 5f       	subi	r18, 0xFF	; 255
   1f4ec:	3f 4f       	sbci	r19, 0xFF	; 255
   1f4ee:	20 17       	cp	r18, r16
		tracenum(tftpOpcode);
		tracePGM(mDebugTftp_DLEN);
		tracenum(tftpDataLen - (TFTP_OPCODE_SIZE + TFTP_BLOCKNO_SIZE));
	)

	if((tftpOpcode == TFTP_OPCODE_DATA)
   1f4f0:	31 07       	cpc	r19, r17
   1f4f2:	10 f4       	brcc	.+4      	; 0x1f4f8 <processPacket+0x118>
   1f4f4:	80 e0       	ldi	r24, 0x00	; 0
		&& ((tftpBlock > MAX_ADDR / 0x200) || (tftpBlock < highPacket) || (tftpBlock > highPacket + 1)))
   1f4f6:	90 e0       	ldi	r25, 0x00	; 0
   1f4f8:	25 e0       	ldi	r18, 0x05	; 5
   1f4fa:	e2 16       	cp	r14, r18
   1f4fc:	22 e0       	ldi	r18, 0x02	; 2
   1f4fe:	f2 06       	cpc	r15, r18
   1f500:	08 f0       	brcs	.+2      	; 0x1f504 <processPacket+0x124>
   1f502:	dd c0       	rjmp	.+442    	; 0x1f6be <processPacket+0x2de>
   1f504:	83 30       	cpi	r24, 0x03	; 3
   1f506:	91 05       	cpc	r25, r1
   1f508:	29 f1       	breq	.+74     	; 0x1f554 <processPacket+0x174>
   1f50a:	84 30       	cpi	r24, 0x04	; 4
   1f50c:	91 05       	cpc	r25, r1
   1f50e:	48 f4       	brcc	.+18     	; 0x1f522 <processPacket+0x142>
   1f510:	81 30       	cpi	r24, 0x01	; 1
   1f512:	91 05       	cpc	r25, r1
		tftpOpcode = TFTP_OPCODE_UKN;
   1f514:	09 f4       	brne	.+2      	; 0x1f518 <processPacket+0x138>
   1f516:	da c0       	rjmp	.+436    	; 0x1f6cc <processPacket+0x2ec>

	if(tftpDataLen > (0x200 + TFTP_OPCODE_SIZE + TFTP_BLOCKNO_SIZE))
   1f518:	82 30       	cpi	r24, 0x02	; 2
   1f51a:	91 05       	cpc	r25, r1
   1f51c:	09 f0       	breq	.+2      	; 0x1f520 <processPacket+0x140>
   1f51e:	cf c0       	rjmp	.+414    	; 0x1f6be <processPacket+0x2de>
   1f520:	05 c0       	rjmp	.+10     	; 0x1f52c <processPacket+0x14c>
   1f522:	86 30       	cpi	r24, 0x06	; 6

	uint8_t returnCode = ERROR_UNKNOWN;
	uint16_t packetLength;


	switch(tftpOpcode) {
   1f524:	91 05       	cpc	r25, r1
   1f526:	08 f0       	brcs	.+2      	; 0x1f52a <processPacket+0x14a>
   1f528:	ca c0       	rjmp	.+404    	; 0x1f6be <processPacket+0x2de>
   1f52a:	d0 c0       	rjmp	.+416    	; 0x1f6cc <processPacket+0x2ec>
   1f52c:	cd d2       	rcall	.+1434   	; 0x1fac8 <resetTick>
   1f52e:	82 e0       	ldi	r24, 0x02	; 2
   1f530:	90 e0       	ldi	r25, 0x00	; 0
   1f532:	6f ef       	ldi	r22, 0xFF	; 255
   1f534:	fe d2       	rcall	.+1532   	; 0x1fb32 <__eewr_byte_m1284p>
   1f536:	80 91 28 01 	lds	r24, 0x0128
   1f53a:	90 91 29 01 	lds	r25, 0x0129
   1f53e:	14 df       	rcall	.-472    	; 0x1f368 <sockInit>
   1f540:	10 92 21 01 	sts	0x0121, r1
   1f544:	10 92 20 01 	sts	0x0120, r1
   1f548:	10 92 23 01 	sts	0x0123, r1
			DBG_TFTP(tracePGMlnTftp(mDebugTftp_OPRRQ);)
			break;

		case TFTP_OPCODE_WRQ: // Write request
			// Valid WRQ -> reset timer
			resetTick();
   1f54c:	10 92 22 01 	sts	0x0122, r1

			DBG_TFTP(tracePGMlnTftp(mDebugTftp_OPWRQ);)

			// Flagging image as invalid since the flashing process has started
			eeprom_write_byte(EEPROM_IMG_STAT, EEPROM_IMG_BAD_VALUE);
   1f550:	02 e0       	ldi	r16, 0x02	; 2
   1f552:	bf c0       	rjmp	.+382    	; 0x1f6d2 <processPacket+0x2f2>
   1f554:	b9 d2       	rcall	.+1394   	; 0x1fac8 <resetTick>
   1f556:	9c ef       	ldi	r25, 0xFC	; 252
   1f558:	89 2e       	mov	r8, r25

#if defined(RANDOM_TFTP_DATA_PORT)
			sockInit((buffer[4] << 8) | ~buffer[5]); // Generate a 'random' TID (RFC1350)
#else
			sockInit(tftpTransferPort);
   1f55a:	9f ef       	ldi	r25, 0xFF	; 255
   1f55c:	99 2e       	mov	r9, r25
   1f55e:	8e 0c       	add	r8, r14
   1f560:	9f 1c       	adc	r9, r15
   1f562:	10 93 23 01 	sts	0x0123, r17
#else
				tracenum(tftpTransferPort);
#endif
			)

			lastPacket = highPacket = 0;
   1f566:	00 93 22 01 	sts	0x0122, r16
   1f56a:	01 50       	subi	r16, 0x01	; 1
   1f56c:	10 40       	sbci	r17, 0x00	; 0
   1f56e:	68 01       	movw	r12, r16
   1f570:	ee 24       	eor	r14, r14
   1f572:	ff 24       	eor	r15, r15
   1f574:	29 e0       	ldi	r18, 0x09	; 9
			returnCode = ACK; // Send back acknowledge for packet 0
   1f576:	cc 0c       	add	r12, r12
			break;
   1f578:	dd 1c       	adc	r13, r13

		case TFTP_OPCODE_DATA:
			// Valid Data Packet -> reset timer
			resetTick();
   1f57a:	ee 1c       	adc	r14, r14
   1f57c:	ff 1c       	adc	r15, r15

			DBG_TFTP(tracePGMlnTftp(mDebugTftp_OPDATA);)

			packetLength = tftpDataLen - (TFTP_OPCODE_SIZE + TFTP_BLOCKNO_SIZE);
   1f57e:	2a 95       	dec	r18
   1f580:	d1 f7       	brne	.-12     	; 0x1f576 <processPacket+0x196>
   1f582:	8f ef       	ldi	r24, 0xFF	; 255
   1f584:	9f ef       	ldi	r25, 0xFF	; 255
   1f586:	a0 e0       	ldi	r26, 0x00	; 0
   1f588:	b0 e0       	ldi	r27, 0x00	; 0
			lastPacket = tftpBlock;
   1f58a:	c8 22       	and	r12, r24
   1f58c:	d9 22       	and	r13, r25
   1f58e:	ea 22       	and	r14, r26
   1f590:	fb 22       	and	r15, r27
#if defined(RAMPZ)
			writeAddr = (((address_t)((tftpBlock - 1)/0x80) << 16) | ((address_t)((tftpBlock - 1)%0x80) << 9));
   1f592:	00 0f       	add	r16, r16
   1f594:	01 2f       	mov	r16, r17
   1f596:	00 1f       	adc	r16, r16
   1f598:	11 0b       	sbc	r17, r17
   1f59a:	11 95       	neg	r17
   1f59c:	20 e0       	ldi	r18, 0x00	; 0
   1f59e:	30 e0       	ldi	r19, 0x00	; 0
   1f5a0:	98 01       	movw	r18, r16
   1f5a2:	11 27       	eor	r17, r17
   1f5a4:	00 27       	eor	r16, r16
   1f5a6:	c0 2a       	or	r12, r16
   1f5a8:	d1 2a       	or	r13, r17
   1f5aa:	e2 2a       	or	r14, r18
   1f5ac:	f3 2a       	or	r15, r19
   1f5ae:	c4 01       	movw	r24, r8
   1f5b0:	a0 e0       	ldi	r26, 0x00	; 0
   1f5b2:	b0 e0       	ldi	r27, 0x00	; 0
   1f5b4:	8c 0d       	add	r24, r12
   1f5b6:	9d 1d       	adc	r25, r13
   1f5b8:	ae 1d       	adc	r26, r14
   1f5ba:	bf 1d       	adc	r27, r15
   1f5bc:	81 30       	cpi	r24, 0x01	; 1
   1f5be:	e0 ef       	ldi	r30, 0xF0	; 240
   1f5c0:	9e 07       	cpc	r25, r30
   1f5c2:	e1 e0       	ldi	r30, 0x01	; 1
   1f5c4:	ae 07       	cpc	r26, r30
   1f5c6:	e0 e0       	ldi	r30, 0x00	; 0
   1f5c8:	be 07       	cpc	r27, r30
   1f5ca:	08 f0       	brcs	.+2      	; 0x1f5ce <processPacket+0x1ee>
   1f5cc:	81 c0       	rjmp	.+258    	; 0x1f6d0 <processPacket+0x2f0>
   1f5ce:	f0 e0       	ldi	r31, 0x00	; 0
   1f5d0:	8f 16       	cp	r8, r31
   1f5d2:	f2 e0       	ldi	r31, 0x02	; 2
   1f5d4:	9f 06       	cpc	r9, r31
#else
			writeAddr = (address_t)((address_t)(tftpBlock - 1) << 9); // Flash write address for this block
#endif

			if((writeAddr + packetLength) > MAX_ADDR) {
   1f5d6:	10 f4       	brcc	.+4      	; 0x1f5dc <processPacket+0x1fc>
   1f5d8:	04 e0       	ldi	r16, 0x04	; 4
   1f5da:	05 c0       	rjmp	.+10     	; 0x1f5e6 <processPacket+0x206>
   1f5dc:	02 e0       	ldi	r16, 0x02	; 2
   1f5de:	03 c0       	rjmp	.+6      	; 0x1f5e6 <processPacket+0x206>
   1f5e0:	08 94       	sec
   1f5e2:	81 1c       	adc	r8, r1
   1f5e4:	91 1c       	adc	r9, r1
   1f5e6:	88 20       	and	r8, r8
   1f5e8:	d9 f7       	brne	.-10     	; 0x1f5e0 <processPacket+0x200>
   1f5ea:	c1 14       	cp	r12, r1
   1f5ec:	d1 04       	cpc	r13, r1
   1f5ee:	e1 04       	cpc	r14, r1
   1f5f0:	f1 04       	cpc	r15, r1
   1f5f2:	19 f4       	brne	.+6      	; 0x1f5fa <processPacket+0x21a>
   1f5f4:	ce 01       	movw	r24, r28
				uint8_t* pageBase = buffer + (UDP_HEADER_SIZE + TFTP_OPCODE_SIZE + TFTP_BLOCKNO_SIZE); // Start of block data
				uint16_t offset = 0; // Block offset


				// Set the return code before packetLength gets rounded up
				if(packetLength < TFTP_DATA_SIZE) returnCode = FINAL_ACK;
   1f5f6:	0d 96       	adiw	r24, 0x0d	; 13
   1f5f8:	81 d1       	rcall	.+770    	; 0x1f8fc <validImage>
   1f5fa:	fe e0       	ldi	r31, 0x0E	; 14
   1f5fc:	af 2e       	mov	r10, r31
   1f5fe:	b1 2c       	mov	r11, r1
   1f600:	ac 0e       	add	r10, r28
   1f602:	bd 1e       	adc	r11, r29
				else returnCode = ACK;
   1f604:	20 e0       	ldi	r18, 0x00	; 0
   1f606:	30 e0       	ldi	r19, 0x00	; 0

				// Round up packet length to a full flash sector size
				while(packetLength % SPM_PAGESIZE) packetLength++;
   1f608:	11 e0       	ldi	r17, 0x01	; 1
   1f60a:	41 2c       	mov	r4, r1
   1f60c:	af ef       	ldi	r26, 0xFF	; 255
   1f60e:	5a 2e       	mov	r5, r26
   1f610:	af ef       	ldi	r26, 0xFF	; 255
				DBG_TFTP(
					tracePGMlnTftp(mDebugTftp_PLEN);
					tracenum(packetLength);
				)

				if(writeAddr == 0) {
   1f612:	6a 2e       	mov	r6, r26
   1f614:	af ef       	ldi	r26, 0xFF	; 255
   1f616:	7a 2e       	mov	r7, r26
   1f618:	4c 0c       	add	r4, r12
   1f61a:	5d 1c       	adc	r5, r13
					// First sector - validate
					if(!validImage(pageBase)) {
   1f61c:	6e 1c       	adc	r6, r14
   1f61e:	7f 1c       	adc	r7, r15
   1f620:	b3 e0       	ldi	r27, 0x03	; 3
   1f622:	3b 2e       	mov	r3, r27
   1f624:	85 e0       	ldi	r24, 0x05	; 5
   1f626:	28 2e       	mov	r2, r24
   1f628:	3f c0       	rjmp	.+126    	; 0x1f6a8 <processPacket+0x2c8>
   1f62a:	a9 01       	movw	r20, r18
   1f62c:	60 e0       	ldi	r22, 0x00	; 0
					}
				}

				// Flash packets
				uint16_t writeValue;
				for(offset = 0; offset < packetLength;) {
   1f62e:	70 e0       	ldi	r23, 0x00	; 0
   1f630:	4c 0d       	add	r20, r12
					writeValue = (pageBase[offset]) | (pageBase[offset + 1] << 8);
					boot_page_fill(writeAddr + offset, writeValue);
   1f632:	5d 1d       	adc	r21, r13
					)

					offset += 2;

					if(offset % SPM_PAGESIZE == 0) {
						boot_page_erase(writeAddr + offset - SPM_PAGESIZE);
   1f634:	6e 1d       	adc	r22, r14
   1f636:	7f 1d       	adc	r23, r15
   1f638:	d5 01       	movw	r26, r10
   1f63a:	8c 91       	ld	r24, X
   1f63c:	90 e0       	ldi	r25, 0x00	; 0
   1f63e:	b8 2f       	mov	r27, r24
   1f640:	aa 27       	eor	r26, r26
   1f642:	f5 01       	movw	r30, r10
   1f644:	31 97       	sbiw	r30, 0x01	; 1
   1f646:	80 81       	ld	r24, Z
   1f648:	90 e0       	ldi	r25, 0x00	; 0
   1f64a:	a8 2b       	or	r26, r24
   1f64c:	b9 2b       	or	r27, r25
						boot_spm_busy_wait();
						boot_page_write(writeAddr + offset - SPM_PAGESIZE);
   1f64e:	0d 01       	movw	r0, r26
   1f650:	fa 01       	movw	r30, r20
					}
				}

				// Flash packets
				uint16_t writeValue;
				for(offset = 0; offset < packetLength;) {
   1f652:	60 93 5b 00 	sts	0x005B, r22
					writeValue = (pageBase[offset]) | (pageBase[offset + 1] << 8);
					boot_page_fill(writeAddr + offset, writeValue);
   1f656:	10 93 57 00 	sts	0x0057, r17
   1f65a:	e8 95       	spm
   1f65c:	11 24       	eor	r1, r1
   1f65e:	2e 5f       	subi	r18, 0xFE	; 254
   1f660:	3f 4f       	sbci	r19, 0xFF	; 255
				}

				// Flash packets
				uint16_t writeValue;
				for(offset = 0; offset < packetLength;) {
					writeValue = (pageBase[offset]) | (pageBase[offset + 1] << 8);
   1f662:	22 23       	and	r18, r18
   1f664:	e9 f4       	brne	.+58     	; 0x1f6a0 <processPacket+0x2c0>
   1f666:	c9 01       	movw	r24, r18
   1f668:	a0 e0       	ldi	r26, 0x00	; 0
   1f66a:	b0 e0       	ldi	r27, 0x00	; 0


#if (DEBUG_TFTP > 0)
static uint8_t processPacket(uint16_t packetSize)
#else
static uint8_t processPacket(void)
   1f66c:	84 0d       	add	r24, r4
   1f66e:	95 1d       	adc	r25, r5
				}

				// Flash packets
				uint16_t writeValue;
				for(offset = 0; offset < packetLength;) {
					writeValue = (pageBase[offset]) | (pageBase[offset + 1] << 8);
   1f670:	a6 1d       	adc	r26, r6
   1f672:	b7 1d       	adc	r27, r7
   1f674:	fc 01       	movw	r30, r24
   1f676:	a0 93 5b 00 	sts	0x005B, r26
					boot_page_fill(writeAddr + offset, writeValue);
   1f67a:	30 92 57 00 	sts	0x0057, r3
   1f67e:	e8 95       	spm
   1f680:	07 b6       	in	r0, 0x37	; 55
   1f682:	00 fc       	sbrc	r0, 0
   1f684:	fd cf       	rjmp	.-6      	; 0x1f680 <processPacket+0x2a0>
   1f686:	fc 01       	movw	r30, r24
							tracePGM(mDebugTftp_OFFSET);
							tracenum(writeAddr + offset);
						}
					)

					offset += 2;
   1f688:	a0 93 5b 00 	sts	0x005B, r26

					if(offset % SPM_PAGESIZE == 0) {
   1f68c:	20 92 57 00 	sts	0x0057, r2
						boot_page_erase(writeAddr + offset - SPM_PAGESIZE);
   1f690:	e8 95       	spm
   1f692:	07 b6       	in	r0, 0x37	; 55
   1f694:	00 fc       	sbrc	r0, 0
   1f696:	fd cf       	rjmp	.-6      	; 0x1f692 <processPacket+0x2b2>
   1f698:	b1 e1       	ldi	r27, 0x11	; 17
   1f69a:	b0 93 57 00 	sts	0x0057, r27
   1f69e:	e8 95       	spm
   1f6a0:	e2 e0       	ldi	r30, 0x02	; 2
   1f6a2:	f0 e0       	ldi	r31, 0x00	; 0
   1f6a4:	ae 0e       	add	r10, r30
   1f6a6:	bf 1e       	adc	r11, r31
   1f6a8:	28 15       	cp	r18, r8
						boot_spm_busy_wait();
   1f6aa:	39 05       	cpc	r19, r9
   1f6ac:	08 f4       	brcc	.+2      	; 0x1f6b0 <processPacket+0x2d0>
   1f6ae:	bd cf       	rjmp	.-134    	; 0x1f62a <processPacket+0x24a>
						boot_page_write(writeAddr + offset - SPM_PAGESIZE);
   1f6b0:	04 30       	cpi	r16, 0x04	; 4
   1f6b2:	79 f4       	brne	.+30     	; 0x1f6d2 <processPacket+0x2f2>
   1f6b4:	82 e0       	ldi	r24, 0x02	; 2
   1f6b6:	90 e0       	ldi	r25, 0x00	; 0
   1f6b8:	6e ee       	ldi	r22, 0xEE	; 238
   1f6ba:	3b d2       	rcall	.+1142   	; 0x1fb32 <__eewr_byte_m1284p>
						boot_spm_busy_wait();
   1f6bc:	0a c0       	rjmp	.+20     	; 0x1f6d2 <processPacket+0x2f2>
   1f6be:	80 91 28 01 	lds	r24, 0x0128
#if defined(RWWSRE)
						// Reenable read access to flash
						boot_rww_enable();
   1f6c2:	90 91 29 01 	lds	r25, 0x0129
   1f6c6:	50 de       	rcall	.-864    	; 0x1f368 <sockInit>
   1f6c8:	01 e0       	ldi	r16, 0x01	; 1
   1f6ca:	03 c0       	rjmp	.+6      	; 0x1f6d2 <processPacket+0x2f2>
   1f6cc:	00 e0       	ldi	r16, 0x00	; 0
   1f6ce:	01 c0       	rjmp	.+2      	; 0x1f6d2 <processPacket+0x2f2>
   1f6d0:	03 e0       	ldi	r16, 0x03	; 3
					}
				}

				// Flash packets
				uint16_t writeValue;
				for(offset = 0; offset < packetLength;) {
   1f6d2:	80 2f       	mov	r24, r16
   1f6d4:	c4 5f       	subi	r28, 0xF4	; 244
   1f6d6:	dd 4f       	sbci	r29, 0xFD	; 253
   1f6d8:	de bf       	out	0x3e, r29	; 62
						boot_rww_enable();
#endif
					}
				}

				if(returnCode == FINAL_ACK) {
   1f6da:	cd bf       	out	0x3d, r28	; 61
   1f6dc:	df 91       	pop	r29
					// Hand over to application

					DBG_TFTP(tracePGMlnTftp(mDebugTftp_DONE);)

					// Flag the image as valid since we received the last packet
					eeprom_write_byte(EEPROM_IMG_STAT, EEPROM_IMG_OK_VALUE);
   1f6de:	cf 91       	pop	r28
   1f6e0:	1f 91       	pop	r17
   1f6e2:	0f 91       	pop	r16
   1f6e4:	ff 90       	pop	r15
   1f6e6:	ef 90       	pop	r14
   1f6e8:	df 90       	pop	r13
			)

#if defined(RANDOM_TFTP_DATA_PORT)
			sockInit((buffer[4] << 8) | ~buffer[5]); // Generate a 'random' TID (RFC1350)
#else
			sockInit(tftpTransferPort);
   1f6ea:	cf 90       	pop	r12
   1f6ec:	bf 90       	pop	r11
   1f6ee:	af 90       	pop	r10
   1f6f0:	9f 90       	pop	r9
   1f6f2:	8f 90       	pop	r8
   1f6f4:	7f 90       	pop	r7
			 * It can be done by reinitializig the tftpd or
			 * by resetting the device. I should find out which is best...
			 * Right now it is being done by resetting the timer if we have a
			 * data packet. */
			// Invalid - return error
			returnCode = ERROR_INVALID;
   1f6f6:	6f 90       	pop	r6
			break;
   1f6f8:	5f 90       	pop	r5
		tftpOpcode = TFTP_OPCODE_UKN;

	if(tftpDataLen > (0x200 + TFTP_OPCODE_SIZE + TFTP_BLOCKNO_SIZE))
		tftpOpcode = TFTP_OPCODE_UKN;

	uint8_t returnCode = ERROR_UNKNOWN;
   1f6fa:	4f 90       	pop	r4
   1f6fc:	3f 90       	pop	r3
				// Flash is full - abort with an error before a bootloader overwrite occurs
				// Application is now corrupt, so do not hand over.

				DBG_TFTP(tracePGMlnTftp(mDebugTftp_FULL);)

				returnCode = ERROR_FULL;
   1f6fe:	2f 90       	pop	r2
			break;

	}

	return(returnCode);
}
   1f700:	08 95       	ret

0001f702 <tftpInit>:
   1f702:	cf 93       	push	r28
   1f704:	85 e4       	ldi	r24, 0x45	; 69
   1f706:	90 e0       	ldi	r25, 0x00	; 0
   1f708:	2f de       	rcall	.-930    	; 0x1f368 <sockInit>
   1f70a:	87 e1       	ldi	r24, 0x17	; 23
   1f70c:	90 e0       	ldi	r25, 0x00	; 0
   1f70e:	09 d2       	rcall	.+1042   	; 0x1fb22 <__eerd_byte_m1284p>
   1f710:	8b 3b       	cpi	r24, 0xBB	; 187
   1f712:	91 f4       	brne	.+36     	; 0x1f738 <tftpInit+0x36>
   1f714:	89 e1       	ldi	r24, 0x19	; 25
   1f716:	90 e0       	ldi	r25, 0x00	; 0
   1f718:	04 d2       	rcall	.+1032   	; 0x1fb22 <__eerd_byte_m1284p>
   1f71a:	c8 2f       	mov	r28, r24
   1f71c:	88 e1       	ldi	r24, 0x18	; 24
   1f71e:	90 e0       	ldi	r25, 0x00	; 0
   1f720:	00 d2       	rcall	.+1024   	; 0x1fb22 <__eerd_byte_m1284p>
   1f722:	2c 2f       	mov	r18, r28
   1f724:	30 e0       	ldi	r19, 0x00	; 0
   1f726:	32 2f       	mov	r19, r18
   1f728:	22 27       	eor	r18, r18
   1f72a:	28 0f       	add	r18, r24
   1f72c:	31 1d       	adc	r19, r1
   1f72e:	30 93 29 01 	sts	0x0129, r19
 * Initializes the network controller
 */
void tftpInit(void)
{
	// Open socket
	sockInit(TFTP_PORT);
   1f732:	20 93 28 01 	sts	0x0128, r18
   1f736:	06 c0       	rjmp	.+12     	; 0x1f744 <tftpInit+0x42>
   1f738:	89 e7       	ldi	r24, 0x79	; 121

#if defined(RANDOM_TFTP_DATA_PORT)
#else
	if(eeprom_read_byte(EEPROM_SIG_3) == EEPROM_SIG_3_VALUE)
   1f73a:	97 eb       	ldi	r25, 0xB7	; 183
   1f73c:	90 93 29 01 	sts	0x0129, r25
   1f740:	80 93 28 01 	sts	0x0128, r24
   1f744:	cf 91       	pop	r28
		tftpTransferPort = ((eeprom_read_byte(EEPROM_PORT + 1) << 8) + eeprom_read_byte(EEPROM_PORT));
   1f746:	08 95       	ret

0001f748 <tftpPoll>:
   1f748:	af 92       	push	r10
   1f74a:	bf 92       	push	r11
   1f74c:	cf 92       	push	r12
   1f74e:	df 92       	push	r13
   1f750:	ff 92       	push	r15
   1f752:	0f 93       	push	r16
   1f754:	1f 93       	push	r17
   1f756:	cf 93       	push	r28
   1f758:	df 93       	push	r29
   1f75a:	cd b7       	in	r28, 0x3d	; 61
   1f75c:	de b7       	in	r29, 0x3e	; 62
   1f75e:	c5 56       	subi	r28, 0x65	; 101
   1f760:	d0 40       	sbci	r29, 0x00	; 0
   1f762:	de bf       	out	0x3e, r29	; 62
   1f764:	cd bf       	out	0x3d, r28	; 61
   1f766:	86 e2       	ldi	r24, 0x26	; 38
   1f768:	97 e0       	ldi	r25, 0x07	; 7
   1f76a:	68 e6       	ldi	r22, 0x68	; 104
   1f76c:	ae dd       	rcall	.-1188   	; 0x1f2ca <spiReadWord>
	else
		tftpTransferPort = TFTP_DATA_PORT;
   1f76e:	00 97       	sbiw	r24, 0x00	; 0
   1f770:	09 f4       	brne	.+2      	; 0x1f774 <tftpPoll+0x2c>
   1f772:	b5 c0       	rjmp	.+362    	; 0x1f8de <tftpPoll+0x196>
   1f774:	81 e0       	ldi	r24, 0x01	; 1
   1f776:	80 93 2b 01 	sts	0x012B, r24
#else
		tracePGMlnTftp(mDebugTftp_PORT);
		tracenum(tftpTransferPort);
#endif
	)
}
   1f77a:	0e c0       	rjmp	.+28     	; 0x1f798 <tftpPoll+0x50>
   1f77c:	82 e0       	ldi	r24, 0x02	; 2

/**
 * Looks for a connection
 */
uint8_t tftpPoll(void)
{
   1f77e:	97 e0       	ldi	r25, 0x07	; 7
   1f780:	6c e6       	ldi	r22, 0x6C	; 108
   1f782:	44 e0       	ldi	r20, 0x04	; 4
   1f784:	59 dd       	rcall	.-1358   	; 0x1f238 <spiWriteReg>
   1f786:	8f ef       	ldi	r24, 0xFF	; 255
   1f788:	97 e8       	ldi	r25, 0x87	; 135
   1f78a:	a3 e1       	ldi	r26, 0x13	; 19
   1f78c:	81 50       	subi	r24, 0x01	; 1
   1f78e:	90 40       	sbci	r25, 0x00	; 0
   1f790:	a0 40       	sbci	r26, 0x00	; 0
   1f792:	e1 f7       	brne	.-8      	; 0x1f78c <tftpPoll+0x44>
   1f794:	00 c0       	rjmp	.+0      	; 0x1f796 <tftpPoll+0x4e>
   1f796:	00 00       	nop
   1f798:	82 e0       	ldi	r24, 0x02	; 2
   1f79a:	97 e0       	ldi	r25, 0x07	; 7
	uint8_t response = ACK;
	// Get the size of the recieved data
	uint16_t packetSize = spiReadWord(REG_S3_RX_RSR0, S3_R_CB);
   1f79c:	68 e6       	ldi	r22, 0x68	; 104
   1f79e:	7b dd       	rcall	.-1290   	; 0x1f296 <spiReadReg>
   1f7a0:	82 fd       	sbrc	r24, 2
   1f7a2:	ec cf       	rjmp	.-40     	; 0x1f77c <tftpPoll+0x34>
   1f7a4:	1d de       	rcall	.-966    	; 0x1f3e0 <processPacket>
// 			_delay_ms(400);
// 			packetSize = spiReadWord(REG_S3_RX_RSR0);
// 		}
// 	} while (packetSize != incSize);

	if(packetSize) {
   1f7a6:	f8 2e       	mov	r15, r24
   1f7a8:	84 e2       	ldi	r24, 0x24	; 36
   1f7aa:	97 e0       	ldi	r25, 0x07	; 7
		tftpFlashing = TRUE;
   1f7ac:	60 e0       	ldi	r22, 0x00	; 0
   1f7ae:	8d dd       	rcall	.-1254   	; 0x1f2ca <spiReadWord>
   1f7b0:	a1 2c       	mov	r10, r1

		while((spiReadReg(REG_S3_IR, S3_R_CB) & IR_RECV)) {
   1f7b2:	18 e5       	ldi	r17, 0x58	; 88
			spiWriteReg(REG_S3_IR, S3_W_CB, IR_RECV);
   1f7b4:	b1 2e       	mov	r11, r17
   1f7b6:	a8 0e       	add	r10, r24
   1f7b8:	b9 1e       	adc	r11, r25
   1f7ba:	92 e0       	ldi	r25, 0x02	; 2
   1f7bc:	f9 16       	cp	r15, r25
   1f7be:	09 f4       	brne	.+2      	; 0x1f7c2 <tftpPoll+0x7a>
   1f7c0:	3e c0       	rjmp	.+124    	; 0x1f83e <tftpPoll+0xf6>
   1f7c2:	9f 15       	cp	r25, r15
   1f7c4:	20 f0       	brcs	.+8      	; 0x1f7ce <tftpPoll+0x86>
   1f7c6:	a1 e0       	ldi	r26, 0x01	; 1
   1f7c8:	fa 16       	cp	r15, r26
   1f7ca:	41 f4       	brne	.+16     	; 0x1f7dc <tftpPoll+0x94>
   1f7cc:	1a c0       	rjmp	.+52     	; 0x1f802 <tftpPoll+0xba>
   1f7ce:	b3 e0       	ldi	r27, 0x03	; 3
   1f7d0:	fb 16       	cp	r15, r27
// 	} while (packetSize != incSize);

	if(packetSize) {
		tftpFlashing = TRUE;

		while((spiReadReg(REG_S3_IR, S3_R_CB) & IR_RECV)) {
   1f7d2:	31 f1       	breq	.+76     	; 0x1f820 <tftpPoll+0xd8>
   1f7d4:	e4 e0       	ldi	r30, 0x04	; 4
   1f7d6:	fe 16       	cp	r15, r30
   1f7d8:	09 f4       	brne	.+2      	; 0x1f7dc <tftpPoll+0x94>
   1f7da:	40 c0       	rjmp	.+128    	; 0x1f85c <tftpPoll+0x114>
   1f7dc:	45 ee       	ldi	r20, 0xE5	; 229
   1f7de:	50 ef       	ldi	r21, 0xF0	; 240
		// Process Packet and get TFTP response code
#if (DEBUG_TFTP > 0)
		packetSize = spiReadWord(REG_S3_RX_RSR0, S3_R_CB);
		response = processPacket(packetSize);
#else
		response = processPacket();
   1f7e0:	60 e0       	ldi	r22, 0x00	; 0
   1f7e2:	70 e0       	ldi	r23, 0x00	; 0
   1f7e4:	40 50       	subi	r20, 0x00	; 0
	uint16_t writePointer;
	
#if (W5500 > 0)
	writePointer = spiReadWord(REG_S3_TX_WR0, S3_R_CB);
#else
	writePointer = spiReadWord(REG_S3_TX_WR0, 0) + S3_TX_START;
   1f7e6:	50 40       	sbci	r21, 0x00	; 0
   1f7e8:	6f 4f       	sbci	r22, 0xFF	; 255
   1f7ea:	7f 4f       	sbci	r23, 0xFF	; 255
   1f7ec:	ce 01       	movw	r24, r28
   1f7ee:	01 96       	adiw	r24, 0x01	; 1
   1f7f0:	2a e0       	ldi	r18, 0x0A	; 10
   1f7f2:	30 e0       	ldi	r19, 0x00	; 0
   1f7f4:	8d d1       	rcall	.+794    	; 0x1fb10 <memcpy_PF>
   1f7f6:	2a e0       	ldi	r18, 0x0A	; 10
   1f7f8:	6e 01       	movw	r12, r28
#endif


	switch(response) {
   1f7fa:	08 94       	sec
   1f7fc:	c1 1c       	adc	r12, r1
   1f7fe:	d1 1c       	adc	r13, r1
   1f800:	38 c0       	rjmp	.+112    	; 0x1f872 <tftpPoll+0x12a>
   1f802:	4a ef       	ldi	r20, 0xFA	; 250
   1f804:	50 ef       	ldi	r21, 0xF0	; 240
   1f806:	60 e0       	ldi	r22, 0x00	; 0
   1f808:	70 e0       	ldi	r23, 0x00	; 0
   1f80a:	40 50       	subi	r20, 0x00	; 0
   1f80c:	50 40       	sbci	r21, 0x00	; 0
   1f80e:	6f 4f       	sbci	r22, 0xFF	; 255
   1f810:	7f 4f       	sbci	r23, 0xFF	; 255
   1f812:	ce 01       	movw	r24, r28
   1f814:	01 96       	adiw	r24, 0x01	; 1
   1f816:	2c e0       	ldi	r18, 0x0C	; 12
   1f818:	30 e0       	ldi	r19, 0x00	; 0
   1f81a:	7a d1       	rcall	.+756    	; 0x1fb10 <memcpy_PF>

		case ERROR_UNKNOWN:
			// Send unknown error packet
			packetLength = TFTP_UNKNOWN_ERROR_LEN;
#if (FLASHEND > 0x10000)
			memcpy_PF(txBuffer, PROGMEM_OFFSET + (uint32_t)(uint16_t)tftp_unknown_error_packet, packetLength);
   1f81c:	2c e0       	ldi	r18, 0x0C	; 12
   1f81e:	ec cf       	rjmp	.-40     	; 0x1f7f8 <tftpPoll+0xb0>
   1f820:	40 ef       	ldi	r20, 0xF0	; 240
   1f822:	50 ef       	ldi	r21, 0xF0	; 240
   1f824:	60 e0       	ldi	r22, 0x00	; 0
   1f826:	70 e0       	ldi	r23, 0x00	; 0
   1f828:	40 50       	subi	r20, 0x00	; 0
   1f82a:	50 40       	sbci	r21, 0x00	; 0
   1f82c:	6f 4f       	sbci	r22, 0xFF	; 255
   1f82e:	7f 4f       	sbci	r23, 0xFF	; 255
   1f830:	ce 01       	movw	r24, r28
   1f832:	01 96       	adiw	r24, 0x01	; 1
   1f834:	29 e0       	ldi	r18, 0x09	; 9
   1f836:	30 e0       	ldi	r19, 0x00	; 0
	switch(response) {
		default:

		case ERROR_UNKNOWN:
			// Send unknown error packet
			packetLength = TFTP_UNKNOWN_ERROR_LEN;
   1f838:	6b d1       	rcall	.+726    	; 0x1fb10 <memcpy_PF>
			DBG_TFTP(
				if(response == FINAL_ACK)
					tracePGMlnTftp(mDebugTftp_SFACK);
			)

			packetLength = 4;
   1f83a:	29 e0       	ldi	r18, 0x09	; 9
   1f83c:	dd cf       	rjmp	.-70     	; 0x1f7f8 <tftpPoll+0xb0>
   1f83e:	80 91 22 01 	lds	r24, 0x0122
   1f842:	90 91 23 01 	lds	r25, 0x0123

		case ERROR_INVALID:
			// Send invalid opcode packet
			packetLength = TFTP_OPCODE_ERROR_LEN;
#if (FLASHEND > 0x10000)
			memcpy_PF(txBuffer, PROGMEM_OFFSET + (uint32_t)(uint16_t)tftp_opcode_error_packet, packetLength);
   1f846:	20 91 20 01 	lds	r18, 0x0120
   1f84a:	30 91 21 01 	lds	r19, 0x0121
   1f84e:	28 17       	cp	r18, r24
   1f850:	39 07       	cpc	r19, r25
   1f852:	20 f4       	brcc	.+8      	; 0x1f85c <tftpPoll+0x114>
   1f854:	90 93 21 01 	sts	0x0121, r25
   1f858:	80 93 20 01 	sts	0x0120, r24
   1f85c:	19 82       	std	Y+1, r1	; 0x01
   1f85e:	84 e0       	ldi	r24, 0x04	; 4
#endif
			break;

		case ERROR_INVALID:
			// Send invalid opcode packet
			packetLength = TFTP_OPCODE_ERROR_LEN;
   1f860:	8a 83       	std	Y+2, r24	; 0x02
   1f862:	80 91 22 01 	lds	r24, 0x0122

		case ERROR_FULL:
			// Send unknown error packet
			packetLength = TFTP_FULL_ERROR_LEN;
#if (FLASHEND > 0x10000)
			memcpy_PF(txBuffer, PROGMEM_OFFSET + (uint32_t)(uint16_t)tftp_full_error_packet, packetLength);
   1f866:	90 91 23 01 	lds	r25, 0x0123
   1f86a:	9b 83       	std	Y+3, r25	; 0x03
   1f86c:	8c 83       	std	Y+4, r24	; 0x04
   1f86e:	24 e0       	ldi	r18, 0x04	; 4
   1f870:	c3 cf       	rjmp	.-122    	; 0x1f7f8 <tftpPoll+0xb0>
   1f872:	85 01       	movw	r16, r10
   1f874:	0f 5f       	subi	r16, 0xFF	; 255
   1f876:	1f 4f       	sbci	r17, 0xFF	; 255
   1f878:	d6 01       	movw	r26, r12
   1f87a:	4d 91       	ld	r20, X+
   1f87c:	6d 01       	movw	r12, r26
   1f87e:	c5 01       	movw	r24, r10
#endif
			break;

		case ERROR_FULL:
			// Send unknown error packet
			packetLength = TFTP_FULL_ERROR_LEN;
   1f880:	64 e7       	ldi	r22, 0x74	; 116
   1f882:	a6 96       	adiw	r28, 0x26	; 38
			memcpy_P(txBuffer, tftp_full_error_packet, packetLength);
#endif
			break;

		case ACK:
			if(lastPacket > highPacket) highPacket = lastPacket;
   1f884:	2f af       	sts	0x7f, r18
   1f886:	a6 97       	sbiw	r28, 0x26	; 38
   1f888:	d7 dc       	rcall	.-1618   	; 0x1f238 <spiWriteReg>
   1f88a:	a6 96       	adiw	r28, 0x26	; 38
   1f88c:	2f ad       	sts	0x6f, r18
   1f88e:	a6 97       	sbiw	r28, 0x26	; 38
   1f890:	b0 e6       	ldi	r27, 0x60	; 96
   1f892:	00 30       	cpi	r16, 0x00	; 0
   1f894:	1b 07       	cpc	r17, r27
   1f896:	11 f0       	breq	.+4      	; 0x1f89c <tftpPoll+0x154>
   1f898:	58 01       	movw	r10, r16
   1f89a:	03 c0       	rjmp	.+6      	; 0x1f8a2 <tftpPoll+0x15a>
   1f89c:	a1 2c       	mov	r10, r1
   1f89e:	b8 e5       	ldi	r27, 0x58	; 88
   1f8a0:	bb 2e       	mov	r11, r27
				if(response == FINAL_ACK)
					tracePGMlnTftp(mDebugTftp_SFACK);
			)

			packetLength = 4;
			*txPtr++ = TFTP_OPCODE_ACK >> 8;
   1f8a2:	21 50       	subi	r18, 0x01	; 1
			*txPtr++ = TFTP_OPCODE_ACK & 0xff;
   1f8a4:	31 f7       	brne	.-52     	; 0x1f872 <tftpPoll+0x12a>
   1f8a6:	a5 01       	movw	r20, r10
			// lastPacket is block code
			*txPtr++ = lastPacket >> 8;
   1f8a8:	40 50       	subi	r20, 0x00	; 0
   1f8aa:	58 45       	sbci	r21, 0x58	; 88
   1f8ac:	84 e2       	ldi	r24, 0x24	; 36
   1f8ae:	97 e0       	ldi	r25, 0x07	; 7
   1f8b0:	6c e6       	ldi	r22, 0x6C	; 108
			*txPtr = lastPacket & 0xff;
   1f8b2:	db dc       	rcall	.-1610   	; 0x1f26a <spiWriteWord>
			DBG_TFTP(
				if(response == FINAL_ACK)
					tracePGMlnTftp(mDebugTftp_SFACK);
			)

			packetLength = 4;
   1f8b4:	81 e0       	ldi	r24, 0x01	; 1
   1f8b6:	97 e0       	ldi	r25, 0x07	; 7
	}

	txPtr = txBuffer;

	while(packetLength--) {
		spiWriteReg(writePointer++, S3_TXBUF_CB, *txPtr++);
   1f8b8:	6c e6       	ldi	r22, 0x6C	; 108
   1f8ba:	40 e2       	ldi	r20, 0x20	; 32
   1f8bc:	bd dc       	rcall	.-1670   	; 0x1f238 <spiWriteReg>
   1f8be:	81 e0       	ldi	r24, 0x01	; 1
   1f8c0:	97 e0       	ldi	r25, 0x07	; 7
   1f8c2:	68 e6       	ldi	r22, 0x68	; 104
   1f8c4:	e8 dc       	rcall	.-1584   	; 0x1f296 <spiReadReg>
   1f8c6:	88 23       	and	r24, r24
   1f8c8:	d1 f7       	brne	.-12     	; 0x1f8be <tftpPoll+0x176>
   1f8ca:	e4 e0       	ldi	r30, 0x04	; 4
   1f8cc:	fe 16       	cp	r15, r30
   1f8ce:	39 f4       	brne	.+14     	; 0x1f8de <tftpPoll+0x196>
   1f8d0:	81 e0       	ldi	r24, 0x01	; 1
		if(writePointer == 0xFFFF) writePointer = 0x0000;  //changed 0c0800 to 0xFFFF, fixes a 4th packet retransmit bug. upload speed changed from 500sec to 90sec for 100kb program
	}

	spiWriteWord(REG_S3_TX_WR0, S3_W_CB, writePointer);
#else
		if(writePointer == S3_TX_END) writePointer = S3_TX_START;
   1f8d2:	97 e0       	ldi	r25, 0x07	; 7
   1f8d4:	6c e6       	ldi	r22, 0x6C	; 108
   1f8d6:	40 e1       	ldi	r20, 0x10	; 16
   1f8d8:	af dc       	rcall	.-1698   	; 0x1f238 <spiWriteReg>
   1f8da:	80 e0       	ldi	r24, 0x00	; 0
   1f8dc:	01 c0       	rjmp	.+2      	; 0x1f8e0 <tftpPoll+0x198>
   1f8de:	81 e0       	ldi	r24, 0x01	; 1
   1f8e0:	cb 59       	subi	r28, 0x9B	; 155
   1f8e2:	df 4f       	sbci	r29, 0xFF	; 255
   1f8e4:	de bf       	out	0x3e, r29	; 62
   1f8e6:	cd bf       	out	0x3d, r28	; 61
   1f8e8:	df 91       	pop	r29
   1f8ea:	cf 91       	pop	r28
			break;
	}

	txPtr = txBuffer;

	while(packetLength--) {
   1f8ec:	1f 91       	pop	r17
	spiWriteWord(REG_S3_TX_WR0, S3_W_CB, writePointer);
#else
		if(writePointer == S3_TX_END) writePointer = S3_TX_START;
	}

	spiWriteWord(REG_S3_TX_WR0, S3_W_CB, writePointer - S3_TX_START);
   1f8ee:	0f 91       	pop	r16
   1f8f0:	ff 90       	pop	r15
   1f8f2:	df 90       	pop	r13
   1f8f4:	cf 90       	pop	r12
   1f8f6:	bf 90       	pop	r11
   1f8f8:	af 90       	pop	r10
   1f8fa:	08 95       	ret

0001f8fc <validImage>:
#include "serial.h"
#include "debug.h"
#include "debug_vald.h"

uint8_t validImage(uint8_t* base)
{
   1f8fc:	fc 01       	movw	r30, r24
	/* Check that a jump table is present in the first flash sector */
	uint8_t i;
	for(i = 0; i < 0x34; i += 4) {
   1f8fe:	80 e0       	ldi	r24, 0x00	; 0

		// For each vector, check it is of the form:
		// 0x0C 0x94 0xWX 0xYZ  ; JMP 0xWXYZ
		if(base[i] != 0x0c) {
   1f900:	90 81       	ld	r25, Z
   1f902:	9c 30       	cpi	r25, 0x0C	; 12
   1f904:	49 f4       	brne	.+18     	; 0x1f918 <validImage+0x1c>
				tracePGM(mDebugVald_0x0C);
			)
			return(0);
		}
		
		if(base[i + 1] != 0x94) {
   1f906:	91 81       	ldd	r25, Z+1	; 0x01
   1f908:	94 39       	cpi	r25, 0x94	; 148
   1f90a:	41 f4       	brne	.+16     	; 0x1f91c <validImage+0x20>

uint8_t validImage(uint8_t* base)
{
	/* Check that a jump table is present in the first flash sector */
	uint8_t i;
	for(i = 0; i < 0x34; i += 4) {
   1f90c:	8c 5f       	subi	r24, 0xFC	; 252
   1f90e:	34 96       	adiw	r30, 0x04	; 4
   1f910:	84 33       	cpi	r24, 0x34	; 52
   1f912:	b1 f7       	brne	.-20     	; 0x1f900 <validImage+0x4>
		}
	}

	DBG_VALD(tracePGMlnVald(mDebugVald_VALID);)

	return(1);
   1f914:	81 e0       	ldi	r24, 0x01	; 1
   1f916:	08 95       	ret
				tracenum(i);
				tracePGM(mDebugVald_WITH);
				tracenum(base[i]);
				tracePGM(mDebugVald_0x0C);
			)
			return(0);
   1f918:	80 e0       	ldi	r24, 0x00	; 0
   1f91a:	08 95       	ret
				tracenum(i + 1);
				tracePGM(mDebugVald_WITH);
				tracenum(base[i + 1]);
				tracePGM(mDebugVald_0x94);
			)
			return(0);
   1f91c:	80 e0       	ldi	r24, 0x00	; 0
	}

	DBG_VALD(tracePGMlnVald(mDebugVald_VALID);)

	return(1);
}
   1f91e:	08 95       	ret

0001f920 <tracePGM>:
 */
const unsigned char mDebug_NEWLINE[]	PROGMEM =	"\r\n";
const unsigned char mDebug_HEXPREF[]	PROGMEM =	"0x";

void tracePGM(const void* p_msg)
{
   1f920:	cf 92       	push	r12
   1f922:	df 92       	push	r13
   1f924:	ef 92       	push	r14
   1f926:	ff 92       	push	r15
   1f928:	cf 93       	push	r28
   1f92a:	df 93       	push	r29
	uint8_t	c = 1, i = 0;
   1f92c:	c0 e0       	ldi	r28, 0x00	; 0
#if (FLASHEND > 0x10000)
		/* 0x30000 was added to fix the issues of progmem with >64Kb flash.
		 * 0x30000 is specific to atmega2560 and won't work on smaller or larger flashes.
		 * I should find a way to macro the calculation of this value
		 */
		c = pgm_read_byte_far(PROGMEM_OFFSET + (uint32_t)(uint16_t)p_msg + i);
   1f92e:	6c 01       	movw	r12, r24
   1f930:	ee 24       	eor	r14, r14
   1f932:	ff 24       	eor	r15, r15
   1f934:	80 e0       	ldi	r24, 0x00	; 0
   1f936:	90 e0       	ldi	r25, 0x00	; 0
   1f938:	a1 e0       	ldi	r26, 0x01	; 1
   1f93a:	b0 e0       	ldi	r27, 0x00	; 0
   1f93c:	c8 0e       	add	r12, r24
   1f93e:	d9 1e       	adc	r13, r25
   1f940:	ea 1e       	adc	r14, r26
   1f942:	fb 1e       	adc	r15, r27
   1f944:	d7 01       	movw	r26, r14
   1f946:	c6 01       	movw	r24, r12
   1f948:	8c 0f       	add	r24, r28
   1f94a:	91 1d       	adc	r25, r1
   1f94c:	a1 1d       	adc	r26, r1
   1f94e:	b1 1d       	adc	r27, r1
   1f950:	ab bf       	out	0x3b, r26	; 59
   1f952:	fc 01       	movw	r30, r24
   1f954:	d7 91       	elpm	r29, Z+
#else
		c = pgm_read_byte_near((uint16_t)p_msg + i);
#endif
		if (c != 0) putch(c);
   1f956:	dd 23       	and	r29, r29
   1f958:	11 f0       	breq	.+4      	; 0x1f95e <tracePGM+0x3e>
   1f95a:	8d 2f       	mov	r24, r29
   1f95c:	71 d0       	rcall	.+226    	; 0x1fa40 <putch>
   1f95e:	cf 5f       	subi	r28, 0xFF	; 255
		i++;
   1f960:	dd 23       	and	r29, r29

void tracePGM(const void* p_msg)
{
	uint8_t	c = 1, i = 0;

	while(c != 0){
   1f962:	81 f7       	brne	.-32     	; 0x1f944 <tracePGM+0x24>
   1f964:	df 91       	pop	r29
		c = pgm_read_byte_near((uint16_t)p_msg + i);
#endif
		if (c != 0) putch(c);
		i++;
	}
}
   1f966:	cf 91       	pop	r28
   1f968:	ff 90       	pop	r15
   1f96a:	ef 90       	pop	r14
   1f96c:	df 90       	pop	r13
   1f96e:	cf 90       	pop	r12
   1f970:	08 95       	ret

0001f972 <tracePGMln>:
   1f972:	0f 93       	push	r16


void tracePGMln(const void* p_prefix, const void* p_msg)
{
   1f974:	1f 93       	push	r17
   1f976:	cf 93       	push	r28
   1f978:	df 93       	push	r29
   1f97a:	8c 01       	movw	r16, r24
   1f97c:	eb 01       	movw	r28, r22
   1f97e:	8a e0       	ldi	r24, 0x0A	; 10
	tracePGM(mDebug_NEWLINE);
   1f980:	91 ef       	ldi	r25, 0xF1	; 241
   1f982:	ce df       	rcall	.-100    	; 0x1f920 <tracePGM>
   1f984:	c8 01       	movw	r24, r16
   1f986:	cc df       	rcall	.-104    	; 0x1f920 <tracePGM>
	tracePGM(p_prefix);
   1f988:	ce 01       	movw	r24, r28
   1f98a:	ca df       	rcall	.-108    	; 0x1f920 <tracePGM>
   1f98c:	df 91       	pop	r29
	tracePGM(p_msg);
   1f98e:	cf 91       	pop	r28
   1f990:	1f 91       	pop	r17
   1f992:	0f 91       	pop	r16
}
   1f994:	08 95       	ret

0001f996 <trace>:
   1f996:	cf 93       	push	r28
   1f998:	df 93       	push	r29
   1f99a:	ec 01       	movw	r28, r24
   1f99c:	88 81       	ld	r24, Y


void trace(char* msg)
{
   1f99e:	88 23       	and	r24, r24
   1f9a0:	11 f4       	brne	.+4      	; 0x1f9a6 <trace+0x10>
   1f9a2:	04 c0       	rjmp	.+8      	; 0x1f9ac <trace+0x16>
	uint8_t c;

	if(*msg != '\0') {
   1f9a4:	4d d0       	rcall	.+154    	; 0x1fa40 <putch>
   1f9a6:	89 91       	ld	r24, Y+
   1f9a8:	88 23       	and	r24, r24
   1f9aa:	e1 f7       	brne	.-8      	; 0x1f9a4 <trace+0xe>
		while((c = *msg++)) putch(c);
   1f9ac:	df 91       	pop	r29
   1f9ae:	cf 91       	pop	r28
   1f9b0:	08 95       	ret

0001f9b2 <traceln>:
   1f9b2:	0f 93       	push	r16
   1f9b4:	1f 93       	push	r17
	}
}
   1f9b6:	cf 93       	push	r28
   1f9b8:	df 93       	push	r29
   1f9ba:	8c 01       	movw	r16, r24


void traceln(const void* p_prefix, char* msg)
{
   1f9bc:	eb 01       	movw	r28, r22
   1f9be:	8a e0       	ldi	r24, 0x0A	; 10
   1f9c0:	91 ef       	ldi	r25, 0xF1	; 241
   1f9c2:	ae df       	rcall	.-164    	; 0x1f920 <tracePGM>
   1f9c4:	c8 01       	movw	r24, r16
   1f9c6:	ac df       	rcall	.-168    	; 0x1f920 <tracePGM>
	tracePGM(mDebug_NEWLINE);
   1f9c8:	ce 01       	movw	r24, r28
   1f9ca:	e5 df       	rcall	.-54     	; 0x1f996 <trace>
   1f9cc:	df 91       	pop	r29
   1f9ce:	cf 91       	pop	r28
	tracePGM(p_prefix);
   1f9d0:	1f 91       	pop	r17
   1f9d2:	0f 91       	pop	r16
   1f9d4:	08 95       	ret

0001f9d6 <tracehex>:
	trace(msg);
   1f9d6:	cf 92       	push	r12
   1f9d8:	df 92       	push	r13
   1f9da:	ef 92       	push	r14
}
   1f9dc:	ff 92       	push	r15
   1f9de:	cf 93       	push	r28
   1f9e0:	6b 01       	movw	r12, r22
   1f9e2:	7c 01       	movw	r14, r24
   1f9e4:	c4 2f       	mov	r28, r20


void tracehex(uint32_t num, uint8_t len)
{
   1f9e6:	87 e0       	ldi	r24, 0x07	; 7
   1f9e8:	91 ef       	ldi	r25, 0xF1	; 241
   1f9ea:	9a df       	rcall	.-204    	; 0x1f920 <tracePGM>
   1f9ec:	14 c0       	rjmp	.+40     	; 0x1fa16 <tracehex+0x40>
   1f9ee:	8c 2f       	mov	r24, r28
   1f9f0:	90 e0       	ldi	r25, 0x00	; 0
   1f9f2:	01 97       	sbiw	r24, 0x01	; 1
   1f9f4:	88 0f       	add	r24, r24
	tracePGM(mDebug_HEXPREF);
   1f9f6:	99 1f       	adc	r25, r25
   1f9f8:	88 0f       	add	r24, r24
   1f9fa:	99 1f       	adc	r25, r25
   1f9fc:	a7 01       	movw	r20, r14

	while(len > 0) {
   1f9fe:	96 01       	movw	r18, r12
		puthex(num >> (4 * (len - 1)));
   1fa00:	04 c0       	rjmp	.+8      	; 0x1fa0a <tracehex+0x34>
   1fa02:	56 95       	lsr	r21
   1fa04:	47 95       	ror	r20
   1fa06:	37 95       	ror	r19
   1fa08:	27 95       	ror	r18
   1fa0a:	8a 95       	dec	r24
   1fa0c:	d2 f7       	brpl	.-12     	; 0x1fa02 <tracehex+0x2c>
   1fa0e:	da 01       	movw	r26, r20
   1fa10:	c9 01       	movw	r24, r18
   1fa12:	1d d0       	rcall	.+58     	; 0x1fa4e <puthex>
   1fa14:	c1 50       	subi	r28, 0x01	; 1
   1fa16:	cc 23       	and	r28, r28
   1fa18:	51 f7       	brne	.-44     	; 0x1f9ee <tracehex+0x18>
   1fa1a:	cf 91       	pop	r28
   1fa1c:	ff 90       	pop	r15
   1fa1e:	ef 90       	pop	r14
   1fa20:	df 90       	pop	r13
   1fa22:	cf 90       	pop	r12
   1fa24:	08 95       	ret

0001fa26 <serialInit>:


void serialInit(void)
{
	// Double speed mode USART0
	UART_STATUS_REG		= _BV(UART_DOUBLE_SPEED);
   1fa26:	82 e0       	ldi	r24, 0x02	; 2
   1fa28:	80 93 c0 00 	sts	0x00C0, r24
	// Enable receiver and transiter on USART0
	UART_CONTROL_REG	= _BV(UART_ENABLE_RECEIVER) | _BV(UART_ENABLE_TRANSMITTER);
   1fa2c:	88 e1       	ldi	r24, 0x18	; 24
   1fa2e:	80 93 c1 00 	sts	0x00C1, r24
	// Set 8bit character length on USART0
	UART_MODE_REG		= _BV(UART_CHAR_SIZE_LOW) | _BV(UART_CHAR_SIZE_MID);
   1fa32:	86 e0       	ldi	r24, 0x06	; 6
   1fa34:	80 93 c2 00 	sts	0x00C2, r24
	// Set USART0 baud rate
	UART_BAUD_RATE_LOW	= (uint8_t)((F_CPU + BAUD_RATE * 4L) / (BAUD_RATE * 8L) - 1);
   1fa38:	80 e1       	ldi	r24, 0x10	; 16
   1fa3a:	80 93 c4 00 	sts	0x00C4, r24

#if (DEBUG > 0)
	DDRD = 0x92;
#endif

}
   1fa3e:	08 95       	ret

0001fa40 <putch>:


void putch(uint8_t c)
{
	while(!(UART_STATUS_REG & _BV(UART_DATA_REG_EMPTY)));
   1fa40:	90 91 c0 00 	lds	r25, 0x00C0
   1fa44:	95 ff       	sbrs	r25, 5
   1fa46:	fc cf       	rjmp	.-8      	; 0x1fa40 <putch>
	UART_DATA_REG = c;
   1fa48:	80 93 c6 00 	sts	0x00C6, r24
}
   1fa4c:	08 95       	ret

0001fa4e <puthex>:


void puthex(uint8_t c)
{
	c &= 0xf;
   1fa4e:	8f 70       	andi	r24, 0x0F	; 15
	if(c > 9) c += 7;
   1fa50:	8a 30       	cpi	r24, 0x0A	; 10
   1fa52:	08 f0       	brcs	.+2      	; 0x1fa56 <puthex+0x8>
   1fa54:	89 5f       	subi	r24, 0xF9	; 249
	//while(!(UART_STATUS_REG & _BV(UART_DATA_REG_EMPTY)));
	//UART_DATA_REG = c + '0';
	putch(c + '0');
   1fa56:	80 5d       	subi	r24, 0xD0	; 208
   1fa58:	f3 cf       	rjmp	.-26     	; 0x1fa40 <putch>

0001fa5a <getch>:
   1fa5a:	80 91 c0 00 	lds	r24, 0x00C0

uint8_t getch(void)
{
	//uint8_t ch;

	while(!(UART_STATUS_REG & _BV(UART_RECEIVE_COMPLETE)));
   1fa5e:	87 ff       	sbrs	r24, 7
   1fa60:	fc cf       	rjmp	.-8      	; 0x1fa5a <getch>
   1fa62:	80 91 c0 00 	lds	r24, 0x00C0
	if(!(UART_STATUS_REG & _BV(UART_FRAME_ERROR))) {
   1fa66:	84 fd       	sbrc	r24, 4
   1fa68:	01 c0       	rjmp	.+2      	; 0x1fa6c <getch+0x12>
   1fa6a:	a8 95       	wdr
   1fa6c:	80 91 c6 00 	lds	r24, 0x00C6
	}

	//ch = UART_DATA_REG;
	//return ch;

	return(UART_DATA_REG);
   1fa70:	08 95       	ret

0001fa72 <serialPoll>:
   1fa72:	80 91 c0 00 	lds	r24, 0x00C0
}


uint8_t serialPoll(void)
{
	if(UART_STATUS_REG & _BV(UART_RECEIVE_COMPLETE)) {
   1fa76:	87 ff       	sbrs	r24, 7
   1fa78:	04 c0       	rjmp	.+8      	; 0x1fa82 <serialPoll+0x10>
   1fa7a:	26 d0       	rcall	.+76     	; 0x1fac8 <resetTick>
   1fa7c:	81 e0       	ldi	r24, 0x01	; 1
		resetTick();
   1fa7e:	80 93 2a 01 	sts	0x012A, r24
		serialFlashing = TRUE;
   1fa82:	81 e0       	ldi	r24, 0x01	; 1
   1fa84:	08 95       	ret

0001fa86 <updateLed>:
static uint16_t tick = 0;


void updateLed(void)
{
	uint16_t next_timer_1 = TCNT1;
   1fa86:	80 91 84 00 	lds	r24, 0x0084
   1fa8a:	90 91 85 00 	lds	r25, 0x0085

	if(next_timer_1 & 0x400) LED_PORT ^= _BV(LED); // Led pin high
   1fa8e:	92 ff       	sbrs	r25, 2
   1fa90:	04 c0       	rjmp	.+8      	; 0x1fa9a <updateLed+0x14>
   1fa92:	2b b1       	in	r18, 0x0b	; 11
   1fa94:	20 58       	subi	r18, 0x80	; 128
   1fa96:	2b b9       	out	0x0b, r18	; 11
   1fa98:	01 c0       	rjmp	.+2      	; 0x1fa9c <updateLed+0x16>
	else LED_PORT &= ~_BV(LED); // Led pin low
   1fa9a:	5f 98       	cbi	0x0b, 7	; 11

	if(next_timer_1 < last_timer_1) {
   1fa9c:	20 91 24 01 	lds	r18, 0x0124
   1faa0:	30 91 25 01 	lds	r19, 0x0125
   1faa4:	82 17       	cp	r24, r18
   1faa6:	93 07       	cpc	r25, r19
   1faa8:	50 f4       	brcc	.+20     	; 0x1fabe <updateLed+0x38>
		tick++;
   1faaa:	20 91 26 01 	lds	r18, 0x0126
   1faae:	30 91 27 01 	lds	r19, 0x0127
   1fab2:	2f 5f       	subi	r18, 0xFF	; 255
   1fab4:	3f 4f       	sbci	r19, 0xFF	; 255
   1fab6:	30 93 27 01 	sts	0x0127, r19
   1faba:	20 93 26 01 	sts	0x0126, r18
		    tracePGMlnUtil(mDebugUtil_LAST);
		    tracenum(last_timer_1);
		)
	}

	last_timer_1 = next_timer_1;
   1fabe:	90 93 25 01 	sts	0x0125, r25
   1fac2:	80 93 24 01 	sts	0x0124, r24
}
   1fac6:	08 95       	ret

0001fac8 <resetTick>:

void resetTick(void)
{
	TCNT1 = 0;
   1fac8:	10 92 85 00 	sts	0x0085, r1
   1facc:	10 92 84 00 	sts	0x0084, r1
	tick = 0;
   1fad0:	10 92 27 01 	sts	0x0127, r1
   1fad4:	10 92 26 01 	sts	0x0126, r1
}
   1fad8:	08 95       	ret

0001fada <timedOut>:

uint8_t timedOut(void)
{
	// Never timeout if there is no code in Flash
#if (FLASHEND > 0x10000)
	if(pgm_read_word_far(0x0000) == 0xFFFF) return(0);
   1fada:	80 e0       	ldi	r24, 0x00	; 0
   1fadc:	90 e0       	ldi	r25, 0x00	; 0
   1fade:	dc 01       	movw	r26, r24
   1fae0:	ab bf       	out	0x3b, r26	; 59
   1fae2:	fc 01       	movw	r30, r24
   1fae4:	87 91       	elpm	r24, Z+
   1fae6:	96 91       	elpm	r25, Z
   1fae8:	2f ef       	ldi	r18, 0xFF	; 255
   1faea:	8f 3f       	cpi	r24, 0xFF	; 255
   1faec:	92 07       	cpc	r25, r18
   1faee:	51 f0       	breq	.+20     	; 0x1fb04 <timedOut+0x2a>
   1faf0:	81 e0       	ldi	r24, 0x01	; 1
   1faf2:	20 91 26 01 	lds	r18, 0x0126
   1faf6:	30 91 27 01 	lds	r19, 0x0127
   1fafa:	25 30       	cpi	r18, 0x05	; 5
   1fafc:	31 05       	cpc	r19, r1
   1fafe:	18 f4       	brcc	.+6      	; 0x1fb06 <timedOut+0x2c>
   1fb00:	80 e0       	ldi	r24, 0x00	; 0
   1fb02:	08 95       	ret
   1fb04:	80 e0       	ldi	r24, 0x00	; 0
	if(pgm_read_word_near(0x0000) == 0xFFFF) return(0);
#endif

	if(tick > TIMEOUT) return(1);
	else return(0);
}
   1fb06:	08 95       	ret

0001fb08 <appStart>:
void appStart(void) {
	__asm__ __volatile__ (
   1fb08:	ee 27       	eor	r30, r30
   1fb0a:	ff 27       	eor	r31, r31
   1fb0c:	09 94       	ijmp
		"clr	r30		\n\t"
		"clr	r31		\n\t"
		"ijmp	\n\t"
	);
}
   1fb0e:	08 95       	ret

0001fb10 <memcpy_PF>:
   1fb10:	fa 01       	movw	r30, r20
   1fb12:	dc 01       	movw	r26, r24
   1fb14:	02 c0       	rjmp	.+4      	; 0x1fb1a <memcpy_PF+0xa>
   1fb16:	05 90       	lpm	r0, Z+
   1fb18:	0d 92       	st	X+, r0
   1fb1a:	21 50       	subi	r18, 0x01	; 1
   1fb1c:	30 40       	sbci	r19, 0x00	; 0
   1fb1e:	d8 f7       	brcc	.-10     	; 0x1fb16 <memcpy_PF+0x6>
   1fb20:	08 95       	ret

0001fb22 <__eerd_byte_m1284p>:
   1fb22:	f9 99       	sbic	0x1f, 1	; 31
   1fb24:	fe cf       	rjmp	.-4      	; 0x1fb22 <__eerd_byte_m1284p>
   1fb26:	92 bd       	out	0x22, r25	; 34
   1fb28:	81 bd       	out	0x21, r24	; 33
   1fb2a:	f8 9a       	sbi	0x1f, 0	; 31
   1fb2c:	99 27       	eor	r25, r25
   1fb2e:	80 b5       	in	r24, 0x20	; 32
   1fb30:	08 95       	ret

0001fb32 <__eewr_byte_m1284p>:
   1fb32:	26 2f       	mov	r18, r22

0001fb34 <__eewr_r18_m1284p>:
   1fb34:	f9 99       	sbic	0x1f, 1	; 31
   1fb36:	fe cf       	rjmp	.-4      	; 0x1fb34 <__eewr_r18_m1284p>
   1fb38:	1f ba       	out	0x1f, r1	; 31
   1fb3a:	92 bd       	out	0x22, r25	; 34
   1fb3c:	81 bd       	out	0x21, r24	; 33
   1fb3e:	20 bd       	out	0x20, r18	; 32
   1fb40:	0f b6       	in	r0, 0x3f	; 63
   1fb42:	f8 94       	cli
   1fb44:	fa 9a       	sbi	0x1f, 2	; 31
   1fb46:	f9 9a       	sbi	0x1f, 1	; 31
   1fb48:	0f be       	out	0x3f, r0	; 63
   1fb4a:	01 96       	adiw	r24, 0x01	; 1
   1fb4c:	08 95       	ret

0001fb4e <_exit>:
   1fb4e:	f8 94       	cli

0001fb50 <__stop_program>:
   1fb50:	ff cf       	rjmp	.-2      	; 0x1fb50 <__stop_program>
